main.c:546:7:sendData	8	static
main.c:116:6:mux	8	static
main.c:129:6:ADC_Select_CH1	24	static,ignoring_inline_asm
main.c:141:6:ADC_Select_CH2	24	static,ignoring_inline_asm
main.c:153:6:ADC_Select_CH3	24	static,ignoring_inline_asm
main.c:165:6:ADC_Select_CH4	24	static,ignoring_inline_asm
main.c:177:6:ADC_Select_CH	24	static,ignoring_inline_asm
main.c:189:6:check_channels	32	static
main.c:348:6:HAL_CAN_RxFifo0MsgPendingCallback	56	static
main.c:1097:6:SystemClock_Config	88	static,ignoring_inline_asm
main.c:493:5:main	144	static,ignoring_inline_asm
main.c:1537:6:HAL_TIM_PeriodElapsedCallback	12	static
main.c:1581:6:Error_Handler	0	static,ignoring_inline_asm
