Archive member included to satisfy reference by file (symbol)

c:/st/stm32cubeide_1.7.0/stm32cubeide/plugins/com.st.stm32cube.ide.mcu.externaltools.gnu-tools-for-stm32.9-2020-q2-update.win32_2.0.0.202105311346/tools/bin/../lib/gcc/arm-none-eabi/9.3.1/../../../../arm-none-eabi/lib/thumb/v7e-m+fp/hard\libc_nano.a(lib_a-errno.o)
                              ./Core/Src/syscalls.o (__errno)
c:/st/stm32cubeide_1.7.0/stm32cubeide/plugins/com.st.stm32cube.ide.mcu.externaltools.gnu-tools-for-stm32.9-2020-q2-update.win32_2.0.0.202105311346/tools/bin/../lib/gcc/arm-none-eabi/9.3.1/../../../../arm-none-eabi/lib/thumb/v7e-m+fp/hard\libc_nano.a(lib_a-exit.o)
                              c:/st/stm32cubeide_1.7.0/stm32cubeide/plugins/com.st.stm32cube.ide.mcu.externaltools.gnu-tools-for-stm32.9-2020-q2-update.win32_2.0.0.202105311346/tools/bin/../lib/gcc/arm-none-eabi/9.3.1/../../../../arm-none-eabi/lib/thumb/v7e-m+fp/hard/crt0.o (exit)
c:/st/stm32cubeide_1.7.0/stm32cubeide/plugins/com.st.stm32cube.ide.mcu.externaltools.gnu-tools-for-stm32.9-2020-q2-update.win32_2.0.0.202105311346/tools/bin/../lib/gcc/arm-none-eabi/9.3.1/../../../../arm-none-eabi/lib/thumb/v7e-m+fp/hard\libc_nano.a(lib_a-impure.o)
                              c:/st/stm32cubeide_1.7.0/stm32cubeide/plugins/com.st.stm32cube.ide.mcu.externaltools.gnu-tools-for-stm32.9-2020-q2-update.win32_2.0.0.202105311346/tools/bin/../lib/gcc/arm-none-eabi/9.3.1/../../../../arm-none-eabi/lib/thumb/v7e-m+fp/hard\libc_nano.a(lib_a-exit.o) (_global_impure_ptr)
c:/st/stm32cubeide_1.7.0/stm32cubeide/plugins/com.st.stm32cube.ide.mcu.externaltools.gnu-tools-for-stm32.9-2020-q2-update.win32_2.0.0.202105311346/tools/bin/../lib/gcc/arm-none-eabi/9.3.1/../../../../arm-none-eabi/lib/thumb/v7e-m+fp/hard\libc_nano.a(lib_a-init.o)
                              c:/st/stm32cubeide_1.7.0/stm32cubeide/plugins/com.st.stm32cube.ide.mcu.externaltools.gnu-tools-for-stm32.9-2020-q2-update.win32_2.0.0.202105311346/tools/bin/../lib/gcc/arm-none-eabi/9.3.1/../../../../arm-none-eabi/lib/thumb/v7e-m+fp/hard/crt0.o (__libc_init_array)
c:/st/stm32cubeide_1.7.0/stm32cubeide/plugins/com.st.stm32cube.ide.mcu.externaltools.gnu-tools-for-stm32.9-2020-q2-update.win32_2.0.0.202105311346/tools/bin/../lib/gcc/arm-none-eabi/9.3.1/../../../../arm-none-eabi/lib/thumb/v7e-m+fp/hard\libc_nano.a(lib_a-memset.o)
                              c:/st/stm32cubeide_1.7.0/stm32cubeide/plugins/com.st.stm32cube.ide.mcu.externaltools.gnu-tools-for-stm32.9-2020-q2-update.win32_2.0.0.202105311346/tools/bin/../lib/gcc/arm-none-eabi/9.3.1/../../../../arm-none-eabi/lib/thumb/v7e-m+fp/hard/crt0.o (memset)
c:/st/stm32cubeide_1.7.0/stm32cubeide/plugins/com.st.stm32cube.ide.mcu.externaltools.gnu-tools-for-stm32.9-2020-q2-update.win32_2.0.0.202105311346/tools/bin/../lib/gcc/arm-none-eabi/9.3.1/thumb/v7e-m+fp/hard\libgcc.a(_arm_muldf3.o)
                              ./Core/Src/main.o (__aeabi_dmul)
c:/st/stm32cubeide_1.7.0/stm32cubeide/plugins/com.st.stm32cube.ide.mcu.externaltools.gnu-tools-for-stm32.9-2020-q2-update.win32_2.0.0.202105311346/tools/bin/../lib/gcc/arm-none-eabi/9.3.1/thumb/v7e-m+fp/hard\libgcc.a(_arm_addsubdf3.o)
                              ./Core/Src/main.o (__aeabi_f2d)
c:/st/stm32cubeide_1.7.0/stm32cubeide/plugins/com.st.stm32cube.ide.mcu.externaltools.gnu-tools-for-stm32.9-2020-q2-update.win32_2.0.0.202105311346/tools/bin/../lib/gcc/arm-none-eabi/9.3.1/thumb/v7e-m+fp/hard\libgcc.a(_arm_truncdfsf2.o)
                              ./Core/Src/main.o (__aeabi_d2f)
c:/st/stm32cubeide_1.7.0/stm32cubeide/plugins/com.st.stm32cube.ide.mcu.externaltools.gnu-tools-for-stm32.9-2020-q2-update.win32_2.0.0.202105311346/tools/bin/../lib/gcc/arm-none-eabi/9.3.1/thumb/v7e-m+fp/hard\libgcc.a(_aeabi_ldivmod.o)
                              ./Drivers/STM32F4xx_HAL_Driver/Src/stm32f4xx_hal_rcc.o (__aeabi_ldivmod)
c:/st/stm32cubeide_1.7.0/stm32cubeide/plugins/com.st.stm32cube.ide.mcu.externaltools.gnu-tools-for-stm32.9-2020-q2-update.win32_2.0.0.202105311346/tools/bin/../lib/gcc/arm-none-eabi/9.3.1/thumb/v7e-m+fp/hard\libgcc.a(_aeabi_uldivmod.o)
                              ./Drivers/STM32F4xx_HAL_Driver/Src/stm32f4xx_hal_rcc.o (__aeabi_uldivmod)
c:/st/stm32cubeide_1.7.0/stm32cubeide/plugins/com.st.stm32cube.ide.mcu.externaltools.gnu-tools-for-stm32.9-2020-q2-update.win32_2.0.0.202105311346/tools/bin/../lib/gcc/arm-none-eabi/9.3.1/thumb/v7e-m+fp/hard\libgcc.a(_udivmoddi4.o)
                              c:/st/stm32cubeide_1.7.0/stm32cubeide/plugins/com.st.stm32cube.ide.mcu.externaltools.gnu-tools-for-stm32.9-2020-q2-update.win32_2.0.0.202105311346/tools/bin/../lib/gcc/arm-none-eabi/9.3.1/thumb/v7e-m+fp/hard\libgcc.a(_aeabi_ldivmod.o) (__udivmoddi4)
c:/st/stm32cubeide_1.7.0/stm32cubeide/plugins/com.st.stm32cube.ide.mcu.externaltools.gnu-tools-for-stm32.9-2020-q2-update.win32_2.0.0.202105311346/tools/bin/../lib/gcc/arm-none-eabi/9.3.1/thumb/v7e-m+fp/hard\libgcc.a(_dvmd_tls.o)
[...]
Memory Configuration

Name             Origin             Length             Attributes
CCMRAM           0x0000000010000000 0x0000000000010000 xrw
RAM              0x0000000020000000 0x0000000000020000 xrw
FLASH            0x0000000008000000 0x0000000000100000 xr
*default*        0x0000000000000000 0xffffffffffffffff

Linker script and memory map

LOAD c:/st/stm32cubeide_1.7.0/stm32cubeide/plugins/com.st.stm32cube.ide.mcu.externaltools.gnu-tools-for-stm32.9-2020-q2-update.win32_2.0.0.202105311346/tools/bin/../lib/gcc/arm-none-eabi/9.3.1/thumb/v7e-m+fp/hard/crti.o
LOAD c:/st/stm32cubeide_1.7.0/stm32cubeide/plugins/com.st.stm32cube.ide.mcu.externaltools.gnu-tools-for-stm32.9-2020-q2-update.win32_2.0.0.202105311346/tools/bin/../lib/gcc/arm-none-eabi/9.3.1/thumb/v7e-m+fp/hard/crtbegin.o
LOAD c:/st/stm32cubeide_1.7.0/stm32cubeide/plugins/com.st.stm32cube.ide.mcu.externaltools.gnu-tools-for-stm32.9-2020-q2-update.win32_2.0.0.202105311346/tools/bin/../lib/gcc/arm-none-eabi/9.3.1/../../../../arm-none-eabi/lib/thumb/v7e-m+fp/hard/crt0.o
LOAD ./Core/Src/EEPROM.o
LOAD ./Core/Src/main.o
LOAD ./Core/Src/stm32f4xx_hal_msp.o
LOAD ./Core/Src/stm32f4xx_it.o
LOAD ./Core/Src/syscalls.o
LOAD ./Core/Src/sysmem.o
LOAD ./Core/Src/system_stm32f4xx.o
LOAD ./Core/Startup/startup_stm32f407zgtx.o
LOAD ./Drivers/STM32F4xx_HAL_Driver/Src/stm32f4xx_hal.o
LOAD ./Drivers/STM32F4xx_HAL_Driver/Src/stm32f4xx_hal_adc.o
LOAD ./Drivers/STM32F4xx_HAL_Driver/Src/stm32f4xx_hal_adc_ex.o
LOAD ./Drivers/STM32F4xx_HAL_Driver/Src/stm32f4xx_hal_can.o
LOAD ./Drivers/STM32F4xx_HAL_Driver/Src/stm32f4xx_hal_cortex.o
LOAD ./Drivers/STM32F4xx_HAL_Driver/Src/stm32f4xx_hal_dma.o
LOAD ./Drivers/STM32F4xx_HAL_Driver/Src/stm32f4xx_hal_dma_ex.o
LOAD ./Drivers/STM32F4xx_HAL_Driver/Src/stm32f4xx_hal_exti.o
LOAD ./Drivers/STM32F4xx_HAL_Driver/Src/stm32f4xx_hal_flash.o
LOAD ./Drivers/STM32F4xx_HAL_Driver/Src/stm32f4xx_hal_flash_ex.o
LOAD ./Drivers/STM32F4xx_HAL_Driver/Src/stm32f4xx_hal_flash_ramfunc.o
LOAD ./Drivers/STM32F4xx_HAL_Driver/Src/stm32f4xx_hal_gpio.o
LOAD ./Drivers/STM32F4xx_HAL_Driver/Src/stm32f4xx_hal_i2c.o
LOAD ./Drivers/STM32F4xx_HAL_Driver/Src/stm32f4xx_hal_i2c_ex.o
LOAD ./Drivers/STM32F4xx_HAL_Driver/Src/stm32f4xx_hal_pwr.o
LOAD ./Drivers/STM32F4xx_HAL_Driver/Src/stm32f4xx_hal_pwr_ex.o
LOAD ./Drivers/STM32F4xx_HAL_Driver/Src/stm32f4xx_hal_rcc.o
LOAD ./Drivers/STM32F4xx_HAL_Driver/Src/stm32f4xx_hal_rcc_ex.o
LOAD ./Drivers/STM32F4xx_HAL_Driver/Src/stm32f4xx_hal_tim.o
LOAD ./Drivers/STM32F4xx_HAL_Driver/Src/stm32f4xx_hal_tim_ex.o
LOAD ./Drivers/STM32F4xx_HAL_Driver/Src/stm32f4xx_ll_adc.o
START GROUP
LOAD c:/st/stm32cubeide_1.7.0/stm32cubeide/plugins/com.st.stm32cube.ide.mcu.externaltools.gnu-tools-for-stm32.9-2020-q2-update.win32_2.0.0.202105311346/tools/bin/../lib/gcc/arm-none-eabi/9.3.1/../../../../arm-none-eabi/lib/thumb/v7e-m+fp/hard\libc_nano.a
LOAD c:/st/stm32cubeide_1.7.0/stm32cubeide/plugins/com.st.stm32cube.ide.mcu.externaltools.gnu-tools-for-stm32.9-2020-q2-update.win32_2.0.0.202105311346/tools/bin/../lib/gcc/arm-none-eabi/9.3.1/../../../../arm-none-eabi/lib/thumb/v7e-m+fp/hard\libm.a
END GROUP
START GROUP
LOAD c:/st/stm32cubeide_1.7.0/stm32cubeide/plugins/com.st.stm32cube.ide.mcu.externaltools.gnu-tools-for-stm32.9-2020-q2-update.win32_2.0.0.202105311346/tools/bin/../lib/gcc/arm-none-eabi/9.3.1/thumb/v7e-m+fp/hard\libgcc.a
LOAD c:/st/stm32cubeide_1.7.0/stm32cubeide/plugins/com.st.stm32cube.ide.mcu.externaltools.gnu-tools-for-stm32.9-2020-q2-update.win32_2.0.0.202105311346/tools/bin/../lib/gcc/arm-none-eabi/9.3.1/../../../../arm-none-eabi/lib/thumb/v7e-m+fp/hard\libc_nano.a
END GROUP
START GROUP
LOAD c:/st/stm32cubeide_1.7.0/stm32cubeide/plugins/com.st.stm32cube.ide.mcu.externaltools.gnu-tools-for-stm32.9-2020-q2-update.win32_2.0.0.202105311346/tools/bin/../lib/gcc/arm-none-eabi/9.3.1/thumb/v7e-m+fp/hard\libgcc.a
LOAD c:/st/stm32cubeide_1.7.0/stm32cubeide/plugins/com.st.stm32cube.ide.mcu.externaltools.gnu-tools-for-stm32.9-2020-q2-update.win32_2.0.0.202105311346/tools/bin/../lib/gcc/arm-none-eabi/9.3.1/../../../../arm-none-eabi/lib/thumb/v7e-m+fp/hard\libc_nano.a
LOAD c:/st/stm32cubeide_1.7.0/stm32cubeide/plugins/com.st.stm32cube.ide.mcu.externaltools.gnu-tools-for-stm32.9-2020-q2-update.win32_2.0.0.202105311346/tools/bin/../lib/gcc/arm-none-eabi/9.3.1/../../../../arm-none-eabi/lib/thumb/v7e-m+fp/hard\libnosys.a
END GROUP
START GROUP
LOAD c:/st/stm32cubeide_1.7.0/stm32cubeide/plugins/com.st.stm32cube.ide.mcu.externaltools.gnu-tools-for-stm32.9-2020-q2-update.win32_2.0.0.202105311346/tools/bin/../lib/gcc/arm-none-eabi/9.3.1/thumb/v7e-m+fp/hard\libgcc.a
LOAD c:/st/stm32cubeide_1.7.0/stm32cubeide/plugins/com.st.stm32cube.ide.mcu.externaltools.gnu-tools-for-stm32.9-2020-q2-update.win32_2.0.0.202105311346/tools/bin/../lib/gcc/arm-none-eabi/9.3.1/../../../../arm-none-eabi/lib/thumb/v7e-m+fp/hard\libc_nano.a
LOAD c:/st/stm32cubeide_1.7.0/stm32cubeide/plugins/com.st.stm32cube.ide.mcu.externaltools.gnu-tools-for-stm32.9-2020-q2-update.win32_2.0.0.202105311346/tools/bin/../lib/gcc/arm-none-eabi/9.3.1/../../../../arm-none-eabi/lib/thumb/v7e-m+fp/hard\libnosys.a
END GROUP
LOAD c:/st/stm32cubeide_1.7.0/stm32cubeide/plugins/com.st.stm32cube.ide.mcu.externaltools.gnu-tools-for-stm32.9-2020-q2-update.win32_2.0.0.202105311346/tools/bin/../lib/gcc/arm-none-eabi/9.3.1/thumb/v7e-m+fp/hard/crtend.o
LOAD c:/st/stm32cubeide_1.7.0/stm32cubeide/plugins/com.st.stm32cube.ide.mcu.externaltools.gnu-tools-for-stm32.9-2020-q2-update.win32_2.0.0.202105311346/tools/bin/../lib/gcc/arm-none-eabi/9.3.1/thumb/v7e-m+fp/hard/crtn.o
                0x0000000020020000                _estack = (ORIGIN (RAM) + LENGTH (RAM))
                0x0000000000000200                _Min_Heap_Size = 0x200
                0x0000000000000400                _Min_Stack_Size = 0x400

.isr_vector     0x0000000008000000      0x188
                0x0000000008000000                . = ALIGN (0x4)
 *(.isr_vector)
 .isr_vector    0x0000000008000000      0x188 ./Core/Startup/startup_stm32f407zgtx.o
                0x0000000008000000                g_pfnVectors
                0x0000000008000188                . = ALIGN (0x4)

.text           0x0000000008000188     0x4448
                0x0000000008000188                . = ALIGN (0x4)
 *(.text)
 .text          0x0000000008000188       0x40 c:/st/stm32cubeide_1.7.0/stm32cubeide/plugins/com.st.stm32cube.ide.mcu.externaltools.gnu-tools-for-stm32.9-2020-q2-update.win32_2.0.0.202105311346/tools/bin/../lib/gcc/arm-none-eabi/9.3.1/thumb/v7e-m+fp/hard/crtbegin.o
 .text          0x00000000080001c8      0x254 c:/st/stm32cubeide_1.7.0/stm32cubeide/plugins/com.st.stm32cube.ide.mcu.externaltools.gnu-tools-for-stm32.9-2020-q2-update.win32_2.0.0.202105311346/tools/bin/../lib/gcc/arm-none-eabi/9.3.1/thumb/v7e-m+fp/hard\libgcc.a(_arm_muldf3.o)
                0x00000000080001c8                __muldf3
                0x00000000080001c8                __aeabi_dmul
 .text          0x000000000800041c      0x378 c:/st/stm32cubeide_1.7.0/stm32cubeide/plugins/com.st.stm32cube.ide.mcu.externaltools.gnu-tools-for-stm32.9-2020-q2-update.win32_2.0.0.202105311346/tools/bin/../lib/gcc/arm-none-eabi/9.3.1/thumb/v7e-m+fp/hard\libgcc.a(_arm_addsubdf3.o)
                0x000000000800041c                __aeabi_drsub
                0x0000000008000424                __aeabi_dsub
                0x0000000008000424                __subdf3
                0x0000000008000428                __aeabi_dadd
                0x0000000008000428                __adddf3
                0x00000000080006a0                __floatunsidf
                0x00000000080006a0                __aeabi_ui2d
                0x00000000080006c0                __floatsidf
                0x00000000080006c0                __aeabi_i2d
                0x00000000080006e4                __aeabi_f2d
                0x00000000080006e4                __extendsfdf2
                0x0000000008000728                __floatundidf
                0x0000000008000728                __aeabi_ul2d
                0x0000000008000738                __floatdidf
                0x0000000008000738                __aeabi_l2d
 .text          0x0000000008000794       0xa0 c:/st/stm32cubeide_1.7.0/stm32cubeide/plugins/com.st.stm32cube.ide.mcu.externaltools.gnu-tools-for-stm32.9-2020-q2-update.win32_2.0.0.202105311346/tools/bin/../lib/gcc/arm-none-eabi/9.3.1/thumb/v7e-m+fp/hard\libgcc.a(_arm_truncdfsf2.o)
                0x0000000008000794                __truncdfsf2
                0x0000000008000794                __aeabi_d2f
 .text          0x0000000008000834       0x30 c:/st/stm32cubeide_1.7.0/stm32cubeide/plugins/com.st.stm32cube.ide.mcu.externaltools.gnu-tools-for-stm32.9-2020-q2-update.win32_2.0.0.202105311346/tools/bin/../lib/gcc/arm-none-eabi/9.3.1/thumb/v7e-m+fp/hard\libgcc.a(_aeabi_uldivmod.o)
                0x0000000008000834                __aeabi_uldivmod
 .text          0x0000000008000864      0x2c4 c:/st/stm32cubeide_1.7.0/stm32cubeide/plugins/com.st.stm32cube.ide.mcu.externaltools.gnu-tools-for-stm32.9-2020-q2-update.win32_2.0.0.202105311346/tools/bin/../lib/gcc/arm-none-eabi/9.3.1/thumb/v7e-m+fp/hard\libgcc.a(_udivmoddi4.o)
                0x0000000008000864                __udivmoddi4
 .text          0x0000000008000b28        0x4 c:/st/stm32cubeide_1.7.0/stm32cubeide/plugins/com.st.stm32cube.ide.mcu.externaltools.gnu-tools-for-stm32.9-2020-q2-update.win32_2.0.0.202105311346/tools/bin/../lib/gcc/arm-none-eabi/9.3.1/thumb/v7e-m+fp/hard\libgcc.a(_dvmd_tls.o)
                0x0000000008000b28                __aeabi_idiv0
                0x0000000008000b28                __aeabi_ldiv0
 *(.text*)
 .text.EEPROM_Write
                0x0000000008000b2c       0x70 ./Core/Src/EEPROM.o
                0x0000000008000b2c                EEPROM_Write
 .text.float2Bytes
                0x0000000008000b9c       0x1c ./Core/Src/EEPROM.o
                0x0000000008000b9c                float2Bytes
 .text.Bytes2float
                0x0000000008000bb8       0x1c ./Core/Src/EEPROM.o
                0x0000000008000bb8                Bytes2float
 .text.EEPROM_Write_NUM
                0x0000000008000bd4       0x24 ./Core/Src/EEPROM.o
                0x0000000008000bd4                EEPROM_Write_NUM
 .text.EEPROM_Read
                0x0000000008000bf8       0x6c ./Core/Src/EEPROM.o
                0x0000000008000bf8                EEPROM_Read
 .text.EEPROM_Read_NUM
                0x0000000008000c64       0x18 ./Core/Src/EEPROM.o
                0x0000000008000c64                EEPROM_Read_NUM
 .text.sendData.10841
                0x0000000008000c7c       0x50 ./Core/Src/main.o
 .text.mux      0x0000000008000ccc       0x44 ./Core/Src/main.o
                0x0000000008000ccc                mux
 .text.ADC_Select_CH2
                0x0000000008000d10       0x28 ./Core/Src/main.o
                0x0000000008000d10                ADC_Select_CH2
 .text.ADC_Select_CH4
                0x0000000008000d38       0x28 ./Core/Src/main.o
                0x0000000008000d38                ADC_Select_CH4
 .text.ADC_Select_CH
                0x0000000008000d60       0x28 ./Core/Src/main.o
                0x0000000008000d60                ADC_Select_CH
 .text.check_channels
                0x0000000008000d88      0x12c ./Core/Src/main.o
                0x0000000008000d88                check_channels
 .text.HAL_CAN_RxFifo0MsgPendingCallback
                0x0000000008000eb4      0x300 ./Core/Src/main.o
                0x0000000008000eb4                HAL_CAN_RxFifo0MsgPendingCallback
 .text.SystemClock_Config
                0x00000000080011b4       0xa0 ./Core/Src/main.o
                0x00000000080011b4                SystemClock_Config
 *fill*         0x0000000008001254        0x4 
 .text.startup.main
                0x0000000008001258     0x111c ./Core/Src/main.o
                0x0000000008001258                main
 .text.HAL_TIM_PeriodElapsedCallback
                0x0000000008002374       0x50 ./Core/Src/main.o
                0x0000000008002374                HAL_TIM_PeriodElapsedCallback
 .text.HAL_MspInit
                0x00000000080023c4       0x38 ./Core/Src/stm32f4xx_hal_msp.o
                0x00000000080023c4                HAL_MspInit
 .text.HAL_ADC_MspInit
                0x00000000080023fc      0x114 ./Core/Src/stm32f4xx_hal_msp.o
                0x00000000080023fc                HAL_ADC_MspInit
 .text.HAL_CAN_MspInit
                0x0000000008002510       0x7c ./Core/Src/stm32f4xx_hal_msp.o
                0x0000000008002510                HAL_CAN_MspInit
 .text.HAL_I2C_MspInit
                0x000000000800258c       0x6c ./Core/Src/stm32f4xx_hal_msp.o
                0x000000000800258c                HAL_I2C_MspInit
 .text.HAL_TIM_Base_MspInit
                0x00000000080025f8       0x44 ./Core/Src/stm32f4xx_hal_msp.o
                0x00000000080025f8                HAL_TIM_Base_MspInit
 .text.NMI_Handler
                0x000000000800263c        0x2 ./Core/Src/stm32f4xx_it.o
                0x000000000800263c                NMI_Handler
 .text.HardFault_Handler
                0x000000000800263e        0x2 ./Core/Src/stm32f4xx_it.o
                0x000000000800263e                HardFault_Handler
 .text.MemManage_Handler
                0x0000000008002640        0x2 ./Core/Src/stm32f4xx_it.o
                0x0000000008002640                MemManage_Handler
 .text.BusFault_Handler
                0x0000000008002642        0x2 ./Core/Src/stm32f4xx_it.o
                0x0000000008002642                BusFault_Handler
 .text.UsageFault_Handler
                0x0000000008002644        0x2 ./Core/Src/stm32f4xx_it.o
                0x0000000008002644                UsageFault_Handler
 .text.SVC_Handler
                0x0000000008002646        0x2 ./Core/Src/stm32f4xx_it.o
                0x0000000008002646                SVC_Handler
 .text.DebugMon_Handler
                0x0000000008002648        0x2 ./Core/Src/stm32f4xx_it.o
                0x0000000008002648                DebugMon_Handler
 .text.PendSV_Handler
                0x000000000800264a        0x2 ./Core/Src/stm32f4xx_it.o
                0x000000000800264a                PendSV_Handler
 .text.SysTick_Handler
                0x000000000800264c        0x4 ./Core/Src/stm32f4xx_it.o
                0x000000000800264c                SysTick_Handler
 .text.CAN1_RX0_IRQHandler
                0x0000000008002650        0xc ./Core/Src/stm32f4xx_it.o
                0x0000000008002650                CAN1_RX0_IRQHandler
 .text.TIM6_DAC_IRQHandler
                0x000000000800265c        0xc ./Core/Src/stm32f4xx_it.o
                0x000000000800265c                TIM6_DAC_IRQHandler
 .text.SystemInit
                0x0000000008002668       0x14 ./Core/Src/system_stm32f4xx.o
                0x0000000008002668                SystemInit
 .text.Reset_Handler
                0x000000000800267c       0x50 ./Core/Startup/startup_stm32f407zgtx.o
                0x000000000800267c                Reset_Handler
 .text.Default_Handler
                0x00000000080026cc        0x2 ./Core/Startup/startup_stm32f407zgtx.o
                0x00000000080026cc                RTC_Alarm_IRQHandler
                0x00000000080026cc                HASH_RNG_IRQHandler
                0x00000000080026cc                EXTI2_IRQHandler
                0x00000000080026cc                TIM8_CC_IRQHandler
                0x00000000080026cc                TIM1_CC_IRQHandler
                0x00000000080026cc                DMA2_Stream5_IRQHandler
                0x00000000080026cc                DMA1_Stream5_IRQHandler
                0x00000000080026cc                PVD_IRQHandler
                0x00000000080026cc                SDIO_IRQHandler
                0x00000000080026cc                TAMP_STAMP_IRQHandler
                0x00000000080026cc                CAN2_RX1_IRQHandler
                0x00000000080026cc                EXTI3_IRQHandler
                0x00000000080026cc                TIM8_TRG_COM_TIM14_IRQHandler
                0x00000000080026cc                TIM1_UP_TIM10_IRQHandler
                0x00000000080026cc                TIM8_UP_TIM13_IRQHandler
                0x00000000080026cc                I2C3_ER_IRQHandler
                0x00000000080026cc                EXTI0_IRQHandler
                0x00000000080026cc                I2C2_EV_IRQHandler
                0x00000000080026cc                DMA1_Stream2_IRQHandler
                0x00000000080026cc                FPU_IRQHandler
                0x00000000080026cc                OTG_HS_WKUP_IRQHandler
                0x00000000080026cc                CAN2_SCE_IRQHandler
                0x00000000080026cc                DMA2_Stream2_IRQHandler
                0x00000000080026cc                SPI1_IRQHandler
                0x00000000080026cc                TIM1_BRK_TIM9_IRQHandler
                0x00000000080026cc                DCMI_IRQHandler
                0x00000000080026cc                CAN2_RX0_IRQHandler
                0x00000000080026cc                DMA2_Stream3_IRQHandler
                0x00000000080026cc                USART6_IRQHandler
                0x00000000080026cc                USART3_IRQHandler
                0x00000000080026cc                CAN1_RX1_IRQHandler
                0x00000000080026cc                UART5_IRQHandler
                0x00000000080026cc                DMA2_Stream0_IRQHandler
                0x00000000080026cc                TIM4_IRQHandler
                0x00000000080026cc                I2C1_EV_IRQHandler
                0x00000000080026cc                DMA1_Stream6_IRQHandler
                0x00000000080026cc                DMA1_Stream1_IRQHandler
                0x00000000080026cc                UART4_IRQHandler
                0x00000000080026cc                TIM3_IRQHandler
                0x00000000080026cc                RCC_IRQHandler
                0x00000000080026cc                TIM8_BRK_TIM12_IRQHandler
                0x00000000080026cc                Default_Handler
                0x00000000080026cc                EXTI15_10_IRQHandler
                0x00000000080026cc                ADC_IRQHandler
                0x00000000080026cc                DMA1_Stream7_IRQHandler
                0x00000000080026cc                TIM7_IRQHandler
                0x00000000080026cc                CAN2_TX_IRQHandler
                0x00000000080026cc                TIM5_IRQHandler
                0x00000000080026cc                DMA2_Stream7_IRQHandler
                0x00000000080026cc                I2C3_EV_IRQHandler
                0x00000000080026cc                EXTI9_5_IRQHandler
                0x00000000080026cc                RTC_WKUP_IRQHandler
                0x00000000080026cc                ETH_WKUP_IRQHandler
                0x00000000080026cc                SPI2_IRQHandler
                0x00000000080026cc                OTG_HS_EP1_IN_IRQHandler
                0x00000000080026cc                DMA1_Stream0_IRQHandler
                0x00000000080026cc                CAN1_TX_IRQHandler
                0x00000000080026cc                EXTI4_IRQHandler
                0x00000000080026cc                FSMC_IRQHandler
                0x00000000080026cc                ETH_IRQHandler
                0x00000000080026cc                OTG_HS_EP1_OUT_IRQHandler
                0x00000000080026cc                WWDG_IRQHandler
                0x00000000080026cc                TIM2_IRQHandler
                0x00000000080026cc                OTG_FS_WKUP_IRQHandler
                0x00000000080026cc                TIM1_TRG_COM_TIM11_IRQHandler
                0x00000000080026cc                OTG_HS_IRQHandler
                0x00000000080026cc                EXTI1_IRQHandler
                0x00000000080026cc                USART2_IRQHandler
                0x00000000080026cc                I2C2_ER_IRQHandler
                0x00000000080026cc                DMA2_Stream1_IRQHandler
                0x00000000080026cc                CAN1_SCE_IRQHandler
                0x00000000080026cc                FLASH_IRQHandler
                0x00000000080026cc                DMA2_Stream4_IRQHandler
                0x00000000080026cc                USART1_IRQHandler
                0x00000000080026cc                OTG_FS_IRQHandler
                0x00000000080026cc                SPI3_IRQHandler
                0x00000000080026cc                DMA1_Stream4_IRQHandler
                0x00000000080026cc                I2C1_ER_IRQHandler
                0x00000000080026cc                DMA2_Stream6_IRQHandler
                0x00000000080026cc                DMA1_Stream3_IRQHandler
 *fill*         0x00000000080026ce        0x2 
 .text.HAL_InitTick
                0x00000000080026d0       0x48 ./Drivers/STM32F4xx_HAL_Driver/Src/stm32f4xx_hal.o
                0x00000000080026d0                HAL_InitTick
 .text.HAL_Init
                0x0000000008002718       0x34 ./Drivers/STM32F4xx_HAL_Driver/Src/stm32f4xx_hal.o
                0x0000000008002718                HAL_Init
 .text.HAL_IncTick
                0x000000000800274c       0x18 ./Drivers/STM32F4xx_HAL_Driver/Src/stm32f4xx_hal.o
                0x000000000800274c                HAL_IncTick
 .text.HAL_GetTick
                0x0000000008002764        0xc ./Drivers/STM32F4xx_HAL_Driver/Src/stm32f4xx_hal.o
                0x0000000008002764                HAL_GetTick
 .text.HAL_Delay
                0x0000000008002770       0x28 ./Drivers/STM32F4xx_HAL_Driver/Src/stm32f4xx_hal.o
                0x0000000008002770                HAL_Delay
 .text.HAL_ADC_Init
                0x0000000008002798      0x14c ./Drivers/STM32F4xx_HAL_Driver/Src/stm32f4xx_hal_adc.o
                0x0000000008002798                HAL_ADC_Init
 .text.HAL_ADC_Start
                0x00000000080028e4      0x108 ./Drivers/STM32F4xx_HAL_Driver/Src/stm32f4xx_hal_adc.o
                0x00000000080028e4                HAL_ADC_Start
 .text.HAL_ADC_Stop
                0x00000000080029ec       0x36 ./Drivers/STM32F4xx_HAL_Driver/Src/stm32f4xx_hal_adc.o
                0x00000000080029ec                HAL_ADC_Stop
 .text.HAL_ADC_PollForConversion
                0x0000000008002a22       0xa6 ./Drivers/STM32F4xx_HAL_Driver/Src/stm32f4xx_hal_adc.o
                0x0000000008002a22                HAL_ADC_PollForConversion
 .text.HAL_ADC_GetValue
                0x0000000008002ac8        0x6 ./Drivers/STM32F4xx_HAL_Driver/Src/stm32f4xx_hal_adc.o
                0x0000000008002ac8                HAL_ADC_GetValue
 *fill*         0x0000000008002ace        0x2 
 .text.HAL_ADC_ConfigChannel
                0x0000000008002ad0      0x124 ./Drivers/STM32F4xx_HAL_Driver/Src/stm32f4xx_hal_adc.o
                0x0000000008002ad0                HAL_ADC_ConfigChannel
 .text.HAL_CAN_Init
                0x0000000008002bf4       0xf6 ./Drivers/STM32F4xx_HAL_Driver/Src/stm32f4xx_hal_can.o
                0x0000000008002bf4                HAL_CAN_Init
 *fill*         0x0000000008002cea        0x2 
 .text.HAL_CAN_ConfigFilter
                0x0000000008002cec      0x110 ./Drivers/STM32F4xx_HAL_Driver/Src/stm32f4xx_hal_can.o
                0x0000000008002cec                HAL_CAN_ConfigFilter
 .text.HAL_CAN_Start
                0x0000000008002dfc       0x5c ./Drivers/STM32F4xx_HAL_Driver/Src/stm32f4xx_hal_can.o
                0x0000000008002dfc                HAL_CAN_Start
 .text.HAL_CAN_AddTxMessage
                0x0000000008002e58       0xa0 ./Drivers/STM32F4xx_HAL_Driver/Src/stm32f4xx_hal_can.o
                0x0000000008002e58                HAL_CAN_AddTxMessage
 .text.HAL_CAN_GetRxMessage
                0x0000000008002ef8       0xee ./Drivers/STM32F4xx_HAL_Driver/Src/stm32f4xx_hal_can.o
                0x0000000008002ef8                HAL_CAN_GetRxMessage
 .text.HAL_CAN_ActivateNotification
                0x0000000008002fe6       0x22 ./Drivers/STM32F4xx_HAL_Driver/Src/stm32f4xx_hal_can.o
                0x0000000008002fe6                HAL_CAN_ActivateNotification
 .text.HAL_CAN_TxMailbox0CompleteCallback
                0x0000000008003008        0x2 ./Drivers/STM32F4xx_HAL_Driver/Src/stm32f4xx_hal_can.o
                0x0000000008003008                HAL_CAN_TxMailbox0CompleteCallback
 .text.HAL_CAN_TxMailbox1CompleteCallback
                0x000000000800300a        0x2 ./Drivers/STM32F4xx_HAL_Driver/Src/stm32f4xx_hal_can.o
                0x000000000800300a                HAL_CAN_TxMailbox1CompleteCallback
 .text.HAL_CAN_TxMailbox2CompleteCallback
                0x000000000800300c        0x2 ./Drivers/STM32F4xx_HAL_Driver/Src/stm32f4xx_hal_can.o
                0x000000000800300c                HAL_CAN_TxMailbox2CompleteCallback
 .text.HAL_CAN_TxMailbox0AbortCallback
                0x000000000800300e        0x2 ./Drivers/STM32F4xx_HAL_Driver/Src/stm32f4xx_hal_can.o
                0x000000000800300e                HAL_CAN_TxMailbox0AbortCallback
 .text.HAL_CAN_TxMailbox1AbortCallback
                0x0000000008003010        0x2 ./Drivers/STM32F4xx_HAL_Driver/Src/stm32f4xx_hal_can.o
                0x0000000008003010                HAL_CAN_TxMailbox1AbortCallback
 .text.HAL_CAN_TxMailbox2AbortCallback
                0x0000000008003012        0x2 ./Drivers/STM32F4xx_HAL_Driver/Src/stm32f4xx_hal_can.o
                0x0000000008003012                HAL_CAN_TxMailbox2AbortCallback
 .text.HAL_CAN_RxFifo0FullCallback
                0x0000000008003014        0x2 ./Drivers/STM32F4xx_HAL_Driver/Src/stm32f4xx_hal_can.o
                0x0000000008003014                HAL_CAN_RxFifo0FullCallback
 .text.HAL_CAN_RxFifo1MsgPendingCallback
                0x0000000008003016        0x2 ./Drivers/STM32F4xx_HAL_Driver/Src/stm32f4xx_hal_can.o
                0x0000000008003016                HAL_CAN_RxFifo1MsgPendingCallback
 .text.HAL_CAN_RxFifo1FullCallback
                0x0000000008003018        0x2 ./Drivers/STM32F4xx_HAL_Driver/Src/stm32f4xx_hal_can.o
                0x0000000008003018                HAL_CAN_RxFifo1FullCallback
 .text.HAL_CAN_SleepCallback
                0x000000000800301a        0x2 ./Drivers/STM32F4xx_HAL_Driver/Src/stm32f4xx_hal_can.o
                0x000000000800301a                HAL_CAN_SleepCallback
 .text.HAL_CAN_WakeUpFromRxMsgCallback
                0x000000000800301c        0x2 ./Drivers/STM32F4xx_HAL_Driver/Src/stm32f4xx_hal_can.o
                0x000000000800301c                HAL_CAN_WakeUpFromRxMsgCallback
 .text.HAL_CAN_ErrorCallback
                0x000000000800301e        0x2 ./Drivers/STM32F4xx_HAL_Driver/Src/stm32f4xx_hal_can.o
                0x000000000800301e                HAL_CAN_ErrorCallback
 .text.HAL_CAN_IRQHandler
                0x0000000008003020      0x1fc ./Drivers/STM32F4xx_HAL_Driver/Src/stm32f4xx_hal_can.o
                0x0000000008003020                HAL_CAN_IRQHandler
 .text.HAL_NVIC_SetPriorityGrouping
                0x000000000800321c       0x24 ./Drivers/STM32F4xx_HAL_Driver/Src/stm32f4xx_hal_cortex.o
                0x000000000800321c                HAL_NVIC_SetPriorityGrouping
 .text.HAL_NVIC_SetPriority
                0x0000000008003240       0x64 ./Drivers/STM32F4xx_HAL_Driver/Src/stm32f4xx_hal_cortex.o
                0x0000000008003240                HAL_NVIC_SetPriority
 .text.HAL_NVIC_EnableIRQ
                0x00000000080032a4       0x1c ./Drivers/STM32F4xx_HAL_Driver/Src/stm32f4xx_hal_cortex.o
                0x00000000080032a4                HAL_NVIC_EnableIRQ
 .text.HAL_SYSTICK_Config
                0x00000000080032c0       0x2c ./Drivers/STM32F4xx_HAL_Driver/Src/stm32f4xx_hal_cortex.o
                0x00000000080032c0                HAL_SYSTICK_Config
 .text.HAL_GPIO_Init
                0x00000000080032ec      0x1b4 ./Drivers/STM32F4xx_HAL_Driver/Src/stm32f4xx_hal_gpio.o
                0x00000000080032ec                HAL_GPIO_Init
 .text.HAL_GPIO_ReadPin
                0x00000000080034a0        0xc ./Drivers/STM32F4xx_HAL_Driver/Src/stm32f4xx_hal_gpio.o
                0x00000000080034a0                HAL_GPIO_ReadPin
 .text.HAL_GPIO_WritePin
                0x00000000080034ac        0xa ./Drivers/STM32F4xx_HAL_Driver/Src/stm32f4xx_hal_gpio.o
                0x00000000080034ac                HAL_GPIO_WritePin
 .text.I2C_IsAcknowledgeFailed
                0x00000000080034b6       0x34 ./Drivers/STM32F4xx_HAL_Driver/Src/stm32f4xx_hal_i2c.o
 .text.I2C_WaitOnMasterAddressFlagUntilTimeout
                0x00000000080034ea       0x76 ./Drivers/STM32F4xx_HAL_Driver/Src/stm32f4xx_hal_i2c.o
 .text.I2C_WaitOnBTFFlagUntilTimeout
                0x0000000008003560       0x4c ./Drivers/STM32F4xx_HAL_Driver/Src/stm32f4xx_hal_i2c.o
 .text.I2C_WaitOnRXNEFlagUntilTimeout
                0x00000000080035ac       0x5e ./Drivers/STM32F4xx_HAL_Driver/Src/stm32f4xx_hal_i2c.o
 .text.I2C_WaitOnFlagUntilTimeout
                0x000000000800360a       0x64 ./Drivers/STM32F4xx_HAL_Driver/Src/stm32f4xx_hal_i2c.o
 .text.I2C_WaitOnTXEFlagUntilTimeout
                0x000000000800366e       0x4c ./Drivers/STM32F4xx_HAL_Driver/Src/stm32f4xx_hal_i2c.o
 *fill*         0x00000000080036ba        0x2 
 .text.I2C_RequestMemoryWrite
                0x00000000080036bc       0xb0 ./Drivers/STM32F4xx_HAL_Driver/Src/stm32f4xx_hal_i2c.o
 .text.I2C_RequestMemoryRead
                0x000000000800376c      0x104 ./Drivers/STM32F4xx_HAL_Driver/Src/stm32f4xx_hal_i2c.o
 .text.HAL_I2C_Init
                0x0000000008003870      0x150 ./Drivers/STM32F4xx_HAL_Driver/Src/stm32f4xx_hal_i2c.o
                0x0000000008003870                HAL_I2C_Init
 .text.HAL_I2C_Mem_Write
                0x00000000080039c0      0x120 ./Drivers/STM32F4xx_HAL_Driver/Src/stm32f4xx_hal_i2c.o
                0x00000000080039c0                HAL_I2C_Mem_Write
 .text.HAL_I2C_Mem_Read
                0x0000000008003ae0      0x210 ./Drivers/STM32F4xx_HAL_Driver/Src/stm32f4xx_hal_i2c.o
                0x0000000008003ae0                HAL_I2C_Mem_Read
 .text.HAL_RCC_OscConfig
                0x0000000008003cf0      0x358 ./Drivers/STM32F4xx_HAL_Driver/Src/stm32f4xx_hal_rcc.o
                0x0000000008003cf0                HAL_RCC_OscConfig
 .text.HAL_RCC_GetSysClockFreq
                0x0000000008004048       0x5c ./Drivers/STM32F4xx_HAL_Driver/Src/stm32f4xx_hal_rcc.o
                0x0000000008004048                HAL_RCC_GetSysClockFreq
 .text.HAL_RCC_ClockConfig
                0x00000000080040a4      0x138 ./Drivers/STM32F4xx_HAL_Driver/Src/stm32f4xx_hal_rcc.o
                0x00000000080040a4                HAL_RCC_ClockConfig
 .text.HAL_RCC_GetPCLK1Freq
                0x00000000080041dc       0x20 ./Drivers/STM32F4xx_HAL_Driver/Src/stm32f4xx_hal_rcc.o
                0x00000000080041dc                HAL_RCC_GetPCLK1Freq
 .text.HAL_TIM_Base_Start_IT
                0x00000000080041fc       0x74 ./Drivers/STM32F4xx_HAL_Driver/Src/stm32f4xx_hal_tim.o
                0x00000000080041fc                HAL_TIM_Base_Start_IT
 .text.HAL_TIM_OC_DelayElapsedCallback
                0x0000000008004270        0x2 ./Drivers/STM32F4xx_HAL_Driver/Src/stm32f4xx_hal_tim.o
                0x0000000008004270                HAL_TIM_OC_DelayElapsedCallback
 .text.HAL_TIM_IC_CaptureCallback
                0x0000000008004272        0x2 ./Drivers/STM32F4xx_HAL_Driver/Src/stm32f4xx_hal_tim.o
                0x0000000008004272                HAL_TIM_IC_CaptureCallback
 .text.HAL_TIM_PWM_PulseFinishedCallback
                0x0000000008004274        0x2 ./Drivers/STM32F4xx_HAL_Driver/Src/stm32f4xx_hal_tim.o
                0x0000000008004274                HAL_TIM_PWM_PulseFinishedCallback
 .text.HAL_TIM_TriggerCallback
                0x0000000008004276        0x2 ./Drivers/STM32F4xx_HAL_Driver/Src/stm32f4xx_hal_tim.o
                0x0000000008004276                HAL_TIM_TriggerCallback
 .text.HAL_TIM_IRQHandler
                0x0000000008004278      0x144 ./Drivers/STM32F4xx_HAL_Driver/Src/stm32f4xx_hal_tim.o
                0x0000000008004278                HAL_TIM_IRQHandler
 .text.TIM_Base_SetConfig
                0x00000000080043bc       0xcc ./Drivers/STM32F4xx_HAL_Driver/Src/stm32f4xx_hal_tim.o
                0x00000000080043bc                TIM_Base_SetConfig
 .text.HAL_TIM_Base_Init
                0x0000000008004488       0x58 ./Drivers/STM32F4xx_HAL_Driver/Src/stm32f4xx_hal_tim.o
                0x0000000008004488                HAL_TIM_Base_Init
 .text.HAL_TIMEx_MasterConfigSynchronization
                0x00000000080044e0       0x7c ./Drivers/STM32F4xx_HAL_Driver/Src/stm32f4xx_hal_tim_ex.o
                0x00000000080044e0                HAL_TIMEx_MasterConfigSynchronization
 .text.HAL_TIMEx_CommutCallback
                0x000000000800455c        0x2 ./Drivers/STM32F4xx_HAL_Driver/Src/stm32f4xx_hal_tim_ex.o
                0x000000000800455c                HAL_TIMEx_CommutCallback
 .text.HAL_TIMEx_BreakCallback
                0x000000000800455e        0x2 ./Drivers/STM32F4xx_HAL_Driver/Src/stm32f4xx_hal_tim_ex.o
                0x000000000800455e                HAL_TIMEx_BreakCallback
 .text.__libc_init_array
                0x0000000008004560       0x48 c:/st/stm32cubeide_1.7.0/stm32cubeide/plugins/com.st.stm32cube.ide.mcu.externaltools.gnu-tools-for-stm32.9-2020-q2-update.win32_2.0.0.202105311346/tools/bin/../lib/gcc/arm-none-eabi/9.3.1/../../../../arm-none-eabi/lib/thumb/v7e-m+fp/hard\libc_nano.a(lib_a-init.o)
                0x0000000008004560                __libc_init_array
 .text.memset   0x00000000080045a8       0x10 c:/st/stm32cubeide_1.7.0/stm32cubeide/plugins/com.st.stm32cube.ide.mcu.externaltools.gnu-tools-for-stm32.9-2020-q2-update.win32_2.0.0.202105311346/tools/bin/../lib/gcc/arm-none-eabi/9.3.1/../../../../arm-none-eabi/lib/thumb/v7e-m+fp/hard\libc_nano.a(lib_a-memset.o)
                0x00000000080045a8                memset
 *(.glue_7)
 .glue_7        0x00000000080045b8        0x0 linker stubs
 *(.glue_7t)
 .glue_7t       0x00000000080045b8        0x0 linker stubs
 *(.eh_frame)
 .eh_frame      0x00000000080045b8        0x0 c:/st/stm32cubeide_1.7.0/stm32cubeide/plugins/com.st.stm32cube.ide.mcu.externaltools.gnu-tools-for-stm32.9-2020-q2-update.win32_2.0.0.202105311346/tools/bin/../lib/gcc/arm-none-eabi/9.3.1/thumb/v7e-m+fp/hard/crtbegin.o
 *(.init)
 .init          0x00000000080045b8        0x4 c:/st/stm32cubeide_1.7.0/stm32cubeide/plugins/com.st.stm32cube.ide.mcu.externaltools.gnu-tools-for-stm32.9-2020-q2-update.win32_2.0.0.202105311346/tools/bin/../lib/gcc/arm-none-eabi/9.3.1/thumb/v7e-m+fp/hard/crti.o
                0x00000000080045b8                _init
 .init          0x00000000080045bc        0x8 c:/st/stm32cubeide_1.7.0/stm32cubeide/plugins/com.st.stm32cube.ide.mcu.externaltools.gnu-tools-for-stm32.9-2020-q2-update.win32_2.0.0.202105311346/tools/bin/../lib/gcc/arm-none-eabi/9.3.1/thumb/v7e-m+fp/hard/crtn.o
 *(.fini)
 .fini          0x00000000080045c4        0x4 c:/st/stm32cubeide_1.7.0/stm32cubeide/plugins/com.st.stm32cube.ide.mcu.externaltools.gnu-tools-for-stm32.9-2020-q2-update.win32_2.0.0.202105311346/tools/bin/../lib/gcc/arm-none-eabi/9.3.1/thumb/v7e-m+fp/hard/crti.o
                0x00000000080045c4                _fini
 .fini          0x00000000080045c8        0x8 c:/st/stm32cubeide_1.7.0/stm32cubeide/plugins/com.st.stm32cube.ide.mcu.externaltools.gnu-tools-for-stm32.9-2020-q2-update.win32_2.0.0.202105311346/tools/bin/../lib/gcc/arm-none-eabi/9.3.1/thumb/v7e-m+fp/hard/crtn.o
                0x00000000080045d0                . = ALIGN (0x4)
                0x00000000080045d0                _etext = .

.vfp11_veneer   0x00000000080045d0        0x0
 .vfp11_veneer  0x00000000080045d0        0x0 linker stubs

.v4_bx          0x00000000080045d0        0x0
 .v4_bx         0x00000000080045d0        0x0 linker stubs

.iplt           0x00000000080045d0        0x0
 .iplt          0x00000000080045d0        0x0 c:/st/stm32cubeide_1.7.0/stm32cubeide/plugins/com.st.stm32cube.ide.mcu.externaltools.gnu-tools-for-stm32.9-2020-q2-update.win32_2.0.0.202105311346/tools/bin/../lib/gcc/arm-none-eabi/9.3.1/thumb/v7e-m+fp/hard/crtbegin.o

.rodata         0x00000000080045d0       0x18
                0x00000000080045d0                . = ALIGN (0x4)
 *(.rodata)
 *(.rodata*)
 .rodata.AHBPrescTable
                0x00000000080045d0       0x10 ./Core/Src/system_stm32f4xx.o
                0x00000000080045d0                AHBPrescTable
 .rodata.APBPrescTable
                0x00000000080045e0        0x8 ./Core/Src/system_stm32f4xx.o
                0x00000000080045e0                APBPrescTable
                0x00000000080045e8                . = ALIGN (0x4)

.ARM.extab      0x00000000080045e8        0x0
                0x00000000080045e8                . = ALIGN (0x4)
 *(.ARM.extab* .gnu.linkonce.armextab.*)
                0x00000000080045e8                . = ALIGN (0x4)

.ARM            0x00000000080045e8        0x8
                0x00000000080045e8                . = ALIGN (0x4)
                0x00000000080045e8                __exidx_start = .
 *(.ARM.exidx*)
 .ARM.exidx     0x00000000080045e8        0x8 c:/st/stm32cubeide_1.7.0/stm32cubeide/plugins/com.st.stm32cube.ide.mcu.externaltools.gnu-tools-for-stm32.9-2020-q2-update.win32_2.0.0.202105311346/tools/bin/../lib/gcc/arm-none-eabi/9.3.1/thumb/v7e-m+fp/hard\libgcc.a(_udivmoddi4.o)
                0x00000000080045f0                __exidx_end = .
                0x00000000080045f0                . = ALIGN (0x4)

.rel.dyn        0x00000000080045f0        0x0
 .rel.iplt      0x00000000080045f0        0x0 c:/st/stm32cubeide_1.7.0/stm32cubeide/plugins/com.st.stm32cube.ide.mcu.externaltools.gnu-tools-for-stm32.9-2020-q2-update.win32_2.0.0.202105311346/tools/bin/../lib/gcc/arm-none-eabi/9.3.1/thumb/v7e-m+fp/hard/crtbegin.o

.preinit_array  0x00000000080045f0        0x0
                0x00000000080045f0                . = ALIGN (0x4)
                0x00000000080045f0                PROVIDE (__preinit_array_start = .)
 *(.preinit_array*)
                0x00000000080045f0                PROVIDE (__preinit_array_end = .)
                0x00000000080045f0                . = ALIGN (0x4)

.init_array     0x00000000080045f0        0x4
                0x00000000080045f0                . = ALIGN (0x4)
                0x00000000080045f0                PROVIDE (__init_array_start = .)
 *(SORT_BY_NAME(.init_array.*))
 *(.init_array*)
 .init_array    0x00000000080045f0        0x4 c:/st/stm32cubeide_1.7.0/stm32cubeide/plugins/com.st.stm32cube.ide.mcu.externaltools.gnu-tools-for-stm32.9-2020-q2-update.win32_2.0.0.202105311346/tools/bin/../lib/gcc/arm-none-eabi/9.3.1/thumb/v7e-m+fp/hard/crtbegin.o
                0x00000000080045f4                PROVIDE (__init_array_end = .)
                0x00000000080045f4                . = ALIGN (0x4)

.fini_array     0x00000000080045f4        0x4
                0x00000000080045f4                . = ALIGN (0x4)
                [!provide]                        PROVIDE (__fini_array_start = .)
 *(SORT_BY_NAME(.fini_array.*))
 *(.fini_array*)
 .fini_array    0x00000000080045f4        0x4 c:/st/stm32cubeide_1.7.0/stm32cubeide/plugins/com.st.stm32cube.ide.mcu.externaltools.gnu-tools-for-stm32.9-2020-q2-update.win32_2.0.0.202105311346/tools/bin/../lib/gcc/arm-none-eabi/9.3.1/thumb/v7e-m+fp/hard/crtbegin.o
                [!provide]                        PROVIDE (__fini_array_end = .)
                0x00000000080045f8                . = ALIGN (0x4)
                0x00000000080045f8                _sidata = LOADADDR (.data)

.data           0x0000000020000000      0x4c8 load address 0x00000000080045f8
                0x0000000020000000                . = ALIGN (0x4)
                0x0000000020000000                _sdata = .
 *(.data)
 *(.data*)
 .data.analogConfigs
                0x0000000020000000      0x360 ./Core/Src/main.o
                0x0000000020000000                analogConfigs
 .data.analogInputID
                0x0000000020000360       0x44 ./Core/Src/main.o
                0x0000000020000360                analogInputID
 .data.catacaqSay
                0x00000000200003a4        0x4 ./Core/Src/main.o
                0x00000000200003a4                catacaqSay
 .data.dataw3   0x00000000200003a8        0x4 ./Core/Src/main.o
                0x00000000200003a8                dataw3
 .data.delayTime
                0x00000000200003ac        0x4 ./Core/Src/main.o
                0x00000000200003ac                delayTime
 .data.digitalInputId
                0x00000000200003b0       0xa2 ./Core/Src/main.o
                0x00000000200003b0                digitalInputId
 .data.id       0x0000000020000452       0x64 ./Core/Src/main.o
                0x0000000020000452                id
 *fill*         0x00000000200004b6        0x2 
 .data.labda    0x00000000200004b8        0x4 ./Core/Src/main.o
                0x00000000200004b8                labda
 .data.SystemCoreClock
                0x00000000200004bc        0x4 ./Core/Src/system_stm32f4xx.o
                0x00000000200004bc                SystemCoreClock
 .data.uwTickFreq
                0x00000000200004c0        0x1 ./Drivers/STM32F4xx_HAL_Driver/Src/stm32f4xx_hal.o
                0x00000000200004c0                uwTickFreq
 *fill*         0x00000000200004c1        0x3 
 .data.uwTickPrio
                0x00000000200004c4        0x4 ./Drivers/STM32F4xx_HAL_Driver/Src/stm32f4xx_hal.o
                0x00000000200004c4                uwTickPrio
 *(.RamFunc)
 *(.RamFunc*)
                0x00000000200004c8                . = ALIGN (0x4)
                0x00000000200004c8                _edata = .
                0x0000000008004ac0                _siccmram = LOADADDR (.ccmram)

.igot.plt       0x00000000200004c8        0x0 load address 0x0000000008004ac0
 .igot.plt      0x00000000200004c8        0x0 c:/st/stm32cubeide_1.7.0/stm32cubeide/plugins/com.st.stm32cube.ide.mcu.externaltools.gnu-tools-for-stm32.9-2020-q2-update.win32_2.0.0.202105311346/tools/bin/../lib/gcc/arm-none-eabi/9.3.1/thumb/v7e-m+fp/hard/crtbegin.o

.ccmram         0x0000000010000000        0x0 load address 0x0000000008004ac0
                0x0000000010000000                . = ALIGN (0x4)
                0x0000000010000000                _sccmram = .
 *(.ccmram)
 *(.ccmram*)
                0x0000000010000000                . = ALIGN (0x4)
                0x0000000010000000                _eccmram = .
                0x0000000010000000                . = ALIGN (0x4)

.bss            0x00000000200004c8     0x17cc
                0x00000000200004c8                _sbss = .
                0x00000000200004c8                __bss_start__ = _sbss
 *(.bss)
 .bss           0x00000000200004c8       0x1c c:/st/stm32cubeide_1.7.0/stm32cubeide/plugins/com.st.stm32cube.ide.mcu.externaltools.gnu-tools-for-stm32.9-2020-q2-update.win32_2.0.0.202105311346/tools/bin/../lib/gcc/arm-none-eabi/9.3.1/thumb/v7e-m+fp/hard/crtbegin.o
 *(.bss*)
 .bss.alarmCount
                0x00000000200004e4       0xa2 ./Core/Src/main.o
                0x00000000200004e4                alarmCount
 .bss.alarmLevelRecivedFlag
                0x0000000020000586        0x1 ./Core/Src/main.o
                0x0000000020000586                alarmLevelRecivedFlag
 *fill*         0x0000000020000587        0x1 
 .bss.alarmOn   0x0000000020000588       0xa2 ./Core/Src/main.o
                0x0000000020000588                alarmOn
 .bss.alarmOnAnalog
                0x000000002000062a       0x44 ./Core/Src/main.o
                0x000000002000062a                alarmOnAnalog
 .bss.analogAlarmCount
                0x000000002000066e       0x44 ./Core/Src/main.o
                0x000000002000066e                analogAlarmCount
 .bss.analogAlarmCountDown
                0x00000000200006b2       0x44 ./Core/Src/main.o
                0x00000000200006b2                analogAlarmCountDown
 .bss.analogFadeOut
                0x00000000200006f6       0x22 ./Core/Src/main.o
                0x00000000200006f6                analogFadeOut
 .bss.analogFadeOutBaxmaq
                0x0000000020000718       0x22 ./Core/Src/main.o
                0x0000000020000718                analogFadeOutBaxmaq
 .bss.analogFadeOutTot
                0x000000002000073a       0x18 ./Core/Src/main.o
                0x000000002000073a                analogFadeOutTot
 .bss.analogFadeOutTotRead
                0x0000000020000752       0x18 ./Core/Src/main.o
                0x0000000020000752                analogFadeOutTotRead
 .bss.analogFadeOutTotReadTest
                0x000000002000076a       0x18 ./Core/Src/main.o
                0x000000002000076a                analogFadeOutTotReadTest
 .bss.contactStateRead
                0x0000000020000782        0xa ./Core/Src/main.o
                0x0000000020000782                contactStateRead
 .bss.contactStateTot
                0x000000002000078c        0xa ./Core/Src/main.o
                0x000000002000078c                contactStateTot
 *fill*         0x0000000020000796        0x2 
 .bss.datacheck
                0x0000000020000798        0x4 ./Core/Src/main.o
                0x0000000020000798                datacheck
 .bss.delaySecondsCount
                0x000000002000079c       0xa2 ./Core/Src/main.o
                0x000000002000079c                delaySecondsCount
 .bss.delaySecondsCountForOff
                0x000000002000083e       0xa2 ./Core/Src/main.o
                0x000000002000083e                delaySecondsCountForOff
 .bss.digitalSum
                0x00000000200008e0       0x14 ./Core/Src/main.o
                0x00000000200008e0                digitalSum
 .bss.fadeOut   0x00000000200008f4       0x51 ./Core/Src/main.o
                0x00000000200008f4                fadeOut
 .bss.fadeOutBaxmaq
                0x0000000020000945       0x51 ./Core/Src/main.o
                0x0000000020000945                fadeOutBaxmaq
 *fill*         0x0000000020000996        0x2 
 .bss.fadeOutReg
                0x0000000020000998        0x4 ./Core/Src/main.o
                0x0000000020000998                fadeOutReg
 .bss.fadeOutTot
                0x000000002000099c       0x18 ./Core/Src/main.o
                0x000000002000099c                fadeOutTot
 .bss.fadeOutTotRead
                0x00000000200009b4       0x18 ./Core/Src/main.o
                0x00000000200009b4                fadeOutTotRead
 .bss.fadeOutTotReadTest
                0x00000000200009cc       0x18 ./Core/Src/main.o
                0x00000000200009cc                fadeOutTotReadTest
 .bss.i2_t      0x00000000200009e4        0x4 ./Core/Src/main.o
                0x00000000200009e4                i2_t
 .bss.kesirHisse
                0x00000000200009e8        0x4 ./Core/Src/main.o
                0x00000000200009e8                kesirHisse
 .bss.pk1       0x00000000200009ec        0x1 ./Core/Src/main.o
                0x00000000200009ec                pk1
 .bss.prencereAcilmaFlag
                0x00000000200009ed        0x1 ./Core/Src/main.o
                0x00000000200009ed                prencereAcilmaFlag
 *fill*         0x00000000200009ee        0x2 
 .bss.pushGranted
                0x00000000200009f0        0x4 ./Core/Src/main.o
                0x00000000200009f0                pushGranted
 .bss.recivedID
                0x00000000200009f4        0x4 ./Core/Src/main.o
                0x00000000200009f4                recivedID
 .bss.recivedReset
                0x00000000200009f8        0x1 ./Core/Src/main.o
                0x00000000200009f8                recivedReset
 .bss.secondByte
                0x00000000200009f9       0x22 ./Core/Src/main.o
                0x00000000200009f9                secondByte
 *fill*         0x0000000020000a1b        0x1 
 .bss.stationAlarm
                0x0000000020000a1c        0x2 ./Core/Src/main.o
                0x0000000020000a1c                stationAlarm
 *fill*         0x0000000020000a1e        0x2 
 .bss.tamHisse  0x0000000020000a20        0x4 ./Core/Src/main.o
                0x0000000020000a20                tamHisse
 .bss.waitingForDelay
                0x0000000020000a24       0xa2 ./Core/Src/main.o
                0x0000000020000a24                waitingForDelay
 *(COMMON)
 COMMON         0x0000000020000ac6        0x4 ./Core/Src/EEPROM.o
                0x0000000020000ac6                bytes_temp
 *fill*         0x0000000020000aca        0x2 
 COMMON         0x0000000020000acc     0x11c4 ./Core/Src/main.o
                0x0000000020000acc                sendCountCheck
                0x0000000020000b6c                voltValIncorrect
                0x0000000020000c34                analog
                0x0000000020000cb0                smoothedValue
                0x0000000020000da8                realVal
                0x0000000020000e70                secondWord
                0x0000000020000ed4                delaySeconds
                0x0000000020000f76                delaySecondsTot
                0x0000000020000fc8                hadc2
                0x0000000020001010                hi2c2
                0x0000000020001064                contactStateTest
                0x0000000020001108                alarmLevel
                0x0000000020001190                digitalStates
                0x0000000020001230                message
                0x00000000200012ac                alarmLevelRead
                0x0000000020001334                contactState
                0x0000000020001374                datar3
                0x0000000020001378                hadc1
                0x00000000200013c0                voltVal
                0x0000000020001488                hadc3
                0x00000000200014d0                TxData
                0x0000000020001660                fractionPart
                0x0000000020001694                htim6
                0x00000000200016dc                TxMailbox
                0x00000000200016e0                delaySecondsTotRead
                0x0000000020001730                RxData
                0x0000000020001738                hcan1
                0x0000000020001760                TxHeader
                0x0000000020001c10                RxHeader
                0x0000000020001c2c                intPart
 COMMON         0x0000000020001c90        0x4 ./Drivers/STM32F4xx_HAL_Driver/Src/stm32f4xx_hal.o
                0x0000000020001c90                uwTick
                0x0000000020001c94                . = ALIGN (0x4)
                0x0000000020001c94                _ebss = .
                0x0000000020001c94                __bss_end__ = _ebss

._user_heap_stack
                0x0000000020001c94      0x604
                0x0000000020001c98                . = ALIGN (0x8)
 *fill*         0x0000000020001c94        0x4 
                [!provide]                        PROVIDE (end = .)
                0x0000000020001c98                PROVIDE (_end = .)
                0x0000000020001e98                . = (. + _Min_Heap_Size)
 *fill*         0x0000000020001c98      0x200 
                0x0000000020002298                . = (. + _Min_Stack_Size)
 *fill*         0x0000000020001e98      0x400 
                0x0000000020002298                . = ALIGN (0x8)

/DISCARD/
 libc.a(*)
 libm.a(*)
 libgcc.a(*)

.ARM.attributes
                0x0000000000000000       0x30
 *(.ARM.attributes)
 .ARM.attributes
                0x0000000000000000       0x1e c:/st/stm32cubeide_1.7.0/stm32cubeide/plugins/com.st.stm32cube.ide.mcu.externaltools.gnu-tools-for-stm32.9-2020-q2-update.win32_2.0.0.202105311346/tools/bin/../lib/gcc/arm-none-eabi/9.3.1/thumb/v7e-m+fp/hard/crti.o
 .ARM.attributes
                0x000000000000001e       0x34 c:/st/stm32cubeide_1.7.0/stm32cubeide/plugins/com.st.stm32cube.ide.mcu.externaltools.gnu-tools-for-stm32.9-2020-q2-update.win32_2.0.0.202105311346/tools/bin/../lib/gcc/arm-none-eabi/9.3.1/thumb/v7e-m+fp/hard/crtbegin.o
 .ARM.attributes
                0x0000000000000052       0x34 ./Core/Src/EEPROM.o
 .ARM.attributes
                0x0000000000000086       0x34 ./Core/Src/main.o
 .ARM.attributes
                0x00000000000000ba       0x34 ./Core/Src/stm32f4xx_hal_msp.o
 .ARM.attributes
                0x00000000000000ee       0x34 ./Core/Src/stm32f4xx_it.o
 .ARM.attributes
                0x0000000000000122       0x34 ./Core/Src/system_stm32f4xx.o
 .ARM.attributes
                0x0000000000000156       0x21 ./Core/Startup/startup_stm32f407zgtx.o
 .ARM.attributes
                0x0000000000000177       0x34 ./Drivers/STM32F4xx_HAL_Driver/Src/stm32f4xx_hal.o
 .ARM.attributes
                0x00000000000001ab       0x34 ./Drivers/STM32F4xx_HAL_Driver/Src/stm32f4xx_hal_adc.o
 .ARM.attributes
                0x00000000000001df       0x34 ./Drivers/STM32F4xx_HAL_Driver/Src/stm32f4xx_hal_can.o
 .ARM.attributes
                0x0000000000000213       0x34 ./Drivers/STM32F4xx_HAL_Driver/Src/stm32f4xx_hal_cortex.o
 .ARM.attributes
                0x0000000000000247       0x34 ./Drivers/STM32F4xx_HAL_Driver/Src/stm32f4xx_hal_gpio.o
 .ARM.attributes
                0x000000000000027b       0x34 ./Drivers/STM32F4xx_HAL_Driver/Src/stm32f4xx_hal_i2c.o
 .ARM.attributes
                0x00000000000002af       0x34 ./Drivers/STM32F4xx_HAL_Driver/Src/stm32f4xx_hal_rcc.o
 .ARM.attributes
                0x00000000000002e3       0x34 ./Drivers/STM32F4xx_HAL_Driver/Src/stm32f4xx_hal_tim.o
 .ARM.attributes
                0x0000000000000317       0x34 ./Drivers/STM32F4xx_HAL_Driver/Src/stm32f4xx_hal_tim_ex.o
 .ARM.attributes
                0x000000000000034b       0x34 c:/st/stm32cubeide_1.7.0/stm32cubeide/plugins/com.st.stm32cube.ide.mcu.externaltools.gnu-tools-for-stm32.9-2020-q2-update.win32_2.0.0.202105311346/tools/bin/../lib/gcc/arm-none-eabi/9.3.1/../../../../arm-none-eabi/lib/thumb/v7e-m+fp/hard\libc_nano.a(lib_a-init.o)
 .ARM.attributes
                0x000000000000037f       0x34 c:/st/stm32cubeide_1.7.0/stm32cubeide/plugins/com.st.stm32cube.ide.mcu.externaltools.gnu-tools-for-stm32.9-2020-q2-update.win32_2.0.0.202105311346/tools/bin/../lib/gcc/arm-none-eabi/9.3.1/../../../../arm-none-eabi/lib/thumb/v7e-m+fp/hard\libc_nano.a(lib_a-memset.o)
 .ARM.attributes
                0x00000000000003b3       0x1e c:/st/stm32cubeide_1.7.0/stm32cubeide/plugins/com.st.stm32cube.ide.mcu.externaltools.gnu-tools-for-stm32.9-2020-q2-update.win32_2.0.0.202105311346/tools/bin/../lib/gcc/arm-none-eabi/9.3.1/thumb/v7e-m+fp/hard\libgcc.a(_arm_muldf3.o)
 .ARM.attributes
                0x00000000000003d1       0x1e c:/st/stm32cubeide_1.7.0/stm32cubeide/plugins/com.st.stm32cube.ide.mcu.externaltools.gnu-tools-for-stm32.9-2020-q2-update.win32_2.0.0.202105311346/tools/bin/../lib/gcc/arm-none-eabi/9.3.1/thumb/v7e-m+fp/hard\libgcc.a(_arm_addsubdf3.o)
 .ARM.attributes
                0x00000000000003ef       0x1e c:/st/stm32cubeide_1.7.0/stm32cubeide/plugins/com.st.stm32cube.ide.mcu.externaltools.gnu-tools-for-stm32.9-2020-q2-update.win32_2.0.0.202105311346/tools/bin/../lib/gcc/arm-none-eabi/9.3.1/thumb/v7e-m+fp/hard\libgcc.a(_arm_truncdfsf2.o)
 .ARM.attributes
                0x000000000000040d       0x1e c:/st/stm32cubeide_1.7.0/stm32cubeide/plugins/com.st.stm32cube.ide.mcu.externaltools.gnu-tools-for-stm32.9-2020-q2-update.win32_2.0.0.202105311346/tools/bin/../lib/gcc/arm-none-eabi/9.3.1/thumb/v7e-m+fp/hard\libgcc.a(_aeabi_uldivmod.o)
 .ARM.attributes
                0x000000000000042b       0x34 c:/st/stm32cubeide_1.7.0/stm32cubeide/plugins/com.st.stm32cube.ide.mcu.externaltools.gnu-tools-for-stm32.9-2020-q2-update.win32_2.0.0.202105311346/tools/bin/../lib/gcc/arm-none-eabi/9.3.1/thumb/v7e-m+fp/hard\libgcc.a(_udivmoddi4.o)
 .ARM.attributes
                0x000000000000045f       0x1e c:/st/stm32cubeide_1.7.0/stm32cubeide/plugins/com.st.stm32cube.ide.mcu.externaltools.gnu-tools-for-stm32.9-2020-q2-update.win32_2.0.0.202105311346/tools/bin/../lib/gcc/arm-none-eabi/9.3.1/thumb/v7e-m+fp/hard\libgcc.a(_dvmd_tls.o)
 .ARM.attributes
                0x000000000000047d       0x1e c:/st/stm32cubeide_1.7.0/stm32cubeide/plugins/com.st.stm32cube.ide.mcu.externaltools.gnu-tools-for-stm32.9-2020-q2-update.win32_2.0.0.202105311346/tools/bin/../lib/gcc/arm-none-eabi/9.3.1/thumb/v7e-m+fp/hard/crtn.o
OUTPUT(Stm32f407zg-Block_yeni_gemi.elf elf32-littlearm)
LOAD linker stubs
LOAD c:/st/stm32cubeide_1.7.0/stm32cubeide/plugins/com.st.stm32cube.ide.mcu.externaltools.gnu-tools-for-stm32.9-2020-q2-update.win32_2.0.0.202105311346/tools/bin/../lib/gcc/arm-none-eabi/9.3.1/../../../../arm-none-eabi/lib/thumb/v7e-m+fp/hard\libc.a
LOAD c:/st/stm32cubeide_1.7.0/stm32cubeide/plugins/com.st.stm32cube.ide.mcu.externaltools.gnu-tools-for-stm32.9-2020-q2-update.win32_2.0.0.202105311346/tools/bin/../lib/gcc/arm-none-eabi/9.3.1/../../../../arm-none-eabi/lib/thumb/v7e-m+fp/hard\libm.a
LOAD c:/st/stm32cubeide_1.7.0/stm32cubeide/plugins/com.st.stm32cube.ide.mcu.externaltools.gnu-tools-for-stm32.9-2020-q2-update.win32_2.0.0.202105311346/tools/bin/../lib/gcc/arm-none-eabi/9.3.1/thumb/v7e-m+fp/hard\libgcc.a

.comment        0x0000000000000000       0x53
 .comment       0x0000000000000000       0x53 ./Core/Src/EEPROM.o
                                         0x54 (size before relaxing)
 .comment       0x0000000000000053       0x54 ./Core/Src/main.o
 .comment       0x0000000000000053       0x54 ./Core/Src/stm32f4xx_hal_msp.o
 .comment       0x0000000000000053       0x54 ./Core/Src/stm32f4xx_it.o
 .comment       0x0000000000000053       0x54 ./Core/Src/system_stm32f4xx.o
 .comment       0x0000000000000053       0x54 ./Drivers/STM32F4xx_HAL_Driver/Src/stm32f4xx_hal.o
 .comment       0x0000000000000053       0x54 ./Drivers/STM32F4xx_HAL_Driver/Src/stm32f4xx_hal_adc.o
 .comment       0x0000000000000053       0x54 ./Drivers/STM32F4xx_HAL_Driver/Src/stm32f4xx_hal_can.o
 .comment       0x0000000000000053       0x54 ./Drivers/STM32F4xx_HAL_Driver/Src/stm32f4xx_hal_cortex.o
 .comment       0x0000000000000053       0x54 ./Drivers/STM32F4xx_HAL_Driver/Src/stm32f4xx_hal_gpio.o
 .comment       0x0000000000000053       0x54 ./Drivers/STM32F4xx_HAL_Driver/Src/stm32f4xx_hal_i2c.o
 .comment       0x0000000000000053       0x54 ./Drivers/STM32F4xx_HAL_Driver/Src/stm32f4xx_hal_rcc.o
 .comment       0x0000000000000053       0x54 ./Drivers/STM32F4xx_HAL_Driver/Src/stm32f4xx_hal_tim.o
 .comment       0x0000000000000053       0x54 ./Drivers/STM32F4xx_HAL_Driver/Src/stm32f4xx_hal_tim_ex.o

.debug_frame    0x0000000000000000      0x1ac
 .debug_frame   0x0000000000000000       0x2c c:/st/stm32cubeide_1.7.0/stm32cubeide/plugins/com.st.stm32cube.ide.mcu.externaltools.gnu-tools-for-stm32.9-2020-q2-update.win32_2.0.0.202105311346/tools/bin/../lib/gcc/arm-none-eabi/9.3.1/../../../../arm-none-eabi/lib/thumb/v7e-m+fp/hard\libc_nano.a(lib_a-init.o)
 .debug_frame   0x000000000000002c       0x20 c:/st/stm32cubeide_1.7.0/stm32cubeide/plugins/com.st.stm32cube.ide.mcu.externaltools.gnu-tools-for-stm32.9-2020-q2-update.win32_2.0.0.202105311346/tools/bin/../lib/gcc/arm-none-eabi/9.3.1/../../../../arm-none-eabi/lib/thumb/v7e-m+fp/hard\libc_nano.a(lib_a-memset.o)
 .debug_frame   0x000000000000004c       0x30 c:/st/stm32cubeide_1.7.0/stm32cubeide/plugins/com.st.stm32cube.ide.mcu.externaltools.gnu-tools-for-stm32.9-2020-q2-update.win32_2.0.0.202105311346/tools/bin/../lib/gcc/arm-none-eabi/9.3.1/thumb/v7e-m+fp/hard\libgcc.a(_arm_muldf3.o)
 .debug_frame   0x000000000000007c       0xac c:/st/stm32cubeide_1.7.0/stm32cubeide/plugins/com.st.stm32cube.ide.mcu.externaltools.gnu-tools-for-stm32.9-2020-q2-update.win32_2.0.0.202105311346/tools/bin/../lib/gcc/arm-none-eabi/9.3.1/thumb/v7e-m+fp/hard\libgcc.a(_arm_addsubdf3.o)
 .debug_frame   0x0000000000000128       0x24 c:/st/stm32cubeide_1.7.0/stm32cubeide/plugins/com.st.stm32cube.ide.mcu.externaltools.gnu-tools-for-stm32.9-2020-q2-update.win32_2.0.0.202105311346/tools/bin/../lib/gcc/arm-none-eabi/9.3.1/thumb/v7e-m+fp/hard\libgcc.a(_arm_truncdfsf2.o)
 .debug_frame   0x000000000000014c       0x2c c:/st/stm32cubeide_1.7.0/stm32cubeide/plugins/com.st.stm32cube.ide.mcu.externaltools.gnu-tools-for-stm32.9-2020-q2-update.win32_2.0.0.202105311346/tools/bin/../lib/gcc/arm-none-eabi/9.3.1/thumb/v7e-m+fp/hard\libgcc.a(_aeabi_uldivmod.o)
 .debug_frame   0x0000000000000178       0x34 c:/st/stm32cubeide_1.7.0/stm32cubeide/plugins/com.st.stm32cube.ide.mcu.externaltools.gnu-tools-for-stm32.9-2020-q2-update.win32_2.0.0.202105311346/tools/bin/../lib/gcc/arm-none-eabi/9.3.1/thumb/v7e-m+fp/hard\libgcc.a(_udivmoddi4.o)
