Archive member included to satisfy reference by file (symbol)

c:/st/stm32cubeide_1.7.0/stm32cubeide/plugins/com.st.stm32cube.ide.mcu.externaltools.gnu-tools-for-stm32.9-2020-q2-update.win32_2.0.0.202105311346/tools/bin/../lib/gcc/arm-none-eabi/9.3.1/../../../../arm-none-eabi/lib/thumb/v7e-m+fp/hard\libc_nano.a(lib_a-errno.o)
                              ./Core/Src/syscalls.o (__errno)
c:/st/stm32cubeide_1.7.0/stm32cubeide/plugins/com.st.stm32cube.ide.mcu.externaltools.gnu-tools-for-stm32.9-2020-q2-update.win32_2.0.0.202105311346/tools/bin/../lib/gcc/arm-none-eabi/9.3.1/../../../../arm-none-eabi/lib/thumb/v7e-m+fp/hard\libc_nano.a(lib_a-exit.o)
                              c:/st/stm32cubeide_1.7.0/stm32cubeide/plugins/com.st.stm32cube.ide.mcu.externaltools.gnu-tools-for-stm32.9-2020-q2-update.win32_2.0.0.202105311346/tools/bin/../lib/gcc/arm-none-eabi/9.3.1/../../../../arm-none-eabi/lib/thumb/v7e-m+fp/hard/crt0.o (exit)
c:/st/stm32cubeide_1.7.0/stm32cubeide/plugins/com.st.stm32cube.ide.mcu.externaltools.gnu-tools-for-stm32.9-2020-q2-update.win32_2.0.0.202105311346/tools/bin/../lib/gcc/arm-none-eabi/9.3.1/../../../../arm-none-eabi/lib/thumb/v7e-m+fp/hard\libc_nano.a(lib_a-impure.o)
                              c:/st/stm32cubeide_1.7.0/stm32cubeide/plugins/com.st.stm32cube.ide.mcu.externaltools.gnu-tools-for-stm32.9-2020-q2-update.win32_2.0.0.202105311346/tools/bin/../lib/gcc/arm-none-eabi/9.3.1/../../../../arm-none-eabi/lib/thumb/v7e-m+fp/hard\libc_nano.a(lib_a-exit.o) (_global_impure_ptr)
c:/st/stm32cubeide_1.7.0/stm32cubeide/plugins/com.st.stm32cube.ide.mcu.externaltools.gnu-tools-for-stm32.9-2020-q2-update.win32_2.0.0.202105311346/tools/bin/../lib/gcc/arm-none-eabi/9.3.1/../../../../arm-none-eabi/lib/thumb/v7e-m+fp/hard\libc_nano.a(lib_a-init.o)
                              c:/st/stm32cubeide_1.7.0/stm32cubeide/plugins/com.st.stm32cube.ide.mcu.externaltools.gnu-tools-for-stm32.9-2020-q2-update.win32_2.0.0.202105311346/tools/bin/../lib/gcc/arm-none-eabi/9.3.1/../../../../arm-none-eabi/lib/thumb/v7e-m+fp/hard/crt0.o (__libc_init_array)
c:/st/stm32cubeide_1.7.0/stm32cubeide/plugins/com.st.stm32cube.ide.mcu.externaltools.gnu-tools-for-stm32.9-2020-q2-update.win32_2.0.0.202105311346/tools/bin/../lib/gcc/arm-none-eabi/9.3.1/../../../../arm-none-eabi/lib/thumb/v7e-m+fp/hard\libc_nano.a(lib_a-memset.o)
                              c:/st/stm32cubeide_1.7.0/stm32cubeide/plugins/com.st.stm32cube.ide.mcu.externaltools.gnu-tools-for-stm32.9-2020-q2-update.win32_2.0.0.202105311346/tools/bin/../lib/gcc/arm-none-eabi/9.3.1/../../../../arm-none-eabi/lib/thumb/v7e-m+fp/hard/crt0.o (memset)
c:/st/stm32cubeide_1.7.0/stm32cubeide/plugins/com.st.stm32cube.ide.mcu.externaltools.gnu-tools-for-stm32.9-2020-q2-update.win32_2.0.0.202105311346/tools/bin/../lib/gcc/arm-none-eabi/9.3.1/thumb/v7e-m+fp/hard\libgcc.a(_arm_muldf3.o)
                              ./Core/Src/main.o (__aeabi_dmul)
c:/st/stm32cubeide_1.7.0/stm32cubeide/plugins/com.st.stm32cube.ide.mcu.externaltools.gnu-tools-for-stm32.9-2020-q2-update.win32_2.0.0.202105311346/tools/bin/../lib/gcc/arm-none-eabi/9.3.1/thumb/v7e-m+fp/hard\libgcc.a(_arm_addsubdf3.o)
                              ./Core/Src/main.o (__aeabi_f2d)
c:/st/stm32cubeide_1.7.0/stm32cubeide/plugins/com.st.stm32cube.ide.mcu.externaltools.gnu-tools-for-stm32.9-2020-q2-update.win32_2.0.0.202105311346/tools/bin/../lib/gcc/arm-none-eabi/9.3.1/thumb/v7e-m+fp/hard\libgcc.a(_arm_truncdfsf2.o)
                              ./Core/Src/main.o (__aeabi_d2f)
c:/st/stm32cubeide_1.7.0/stm32cubeide/plugins/com.st.stm32cube.ide.mcu.externaltools.gnu-tools-for-stm32.9-2020-q2-update.win32_2.0.0.202105311346/tools/bin/../lib/gcc/arm-none-eabi/9.3.1/thumb/v7e-m+fp/hard\libgcc.a(_aeabi_ldivmod.o)
                              ./Drivers/STM32F4xx_HAL_Driver/Src/stm32f4xx_hal_rcc.o (__aeabi_ldivmod)
c:/st/stm32cubeide_1.7.0/stm32cubeide/plugins/com.st.stm32cube.ide.mcu.externaltools.gnu-tools-for-stm32.9-2020-q2-update.win32_2.0.0.202105311346/tools/bin/../lib/gcc/arm-none-eabi/9.3.1/thumb/v7e-m+fp/hard\libgcc.a(_aeabi_uldivmod.o)
                              ./Drivers/STM32F4xx_HAL_Driver/Src/stm32f4xx_hal_rcc.o (__aeabi_uldivmod)
c:/st/stm32cubeide_1.7.0/stm32cubeide/plugins/com.st.stm32cube.ide.mcu.externaltools.gnu-tools-for-stm32.9-2020-q2-update.win32_2.0.0.202105311346/tools/bin/../lib/gcc/arm-none-eabi/9.3.1/thumb/v7e-m+fp/hard\libgcc.a(_udivmoddi4.o)
                              c:/st/stm32cubeide_1.7.0/stm32cubeide/plugins/com.st.stm32cube.ide.mcu.externaltools.gnu-tools-for-stm32.9-2020-q2-update.win32_2.0.0.202105311346/tools/bin/../lib/gcc/arm-none-eabi/9.3.1/thumb/v7e-m+fp/hard\libgcc.a(_aeabi_ldivmod.o) (__udivmoddi4)
c:/st/stm32cubeide_1.7.0/stm32cubeide/plugins/com.st.stm32cube.ide.mcu.externaltools.gnu-tools-for-stm32.9-2020-q2-update.win32_2.0.0.202105311346/tools/bin/../lib/gcc/arm-none-eabi/9.3.1/thumb/v7e-m+fp/hard\libgcc.a(_dvmd_tls.o)
[...]
Memory Configuration

Name             Origin             Length             Attributes
CCMRAM           0x0000000010000000 0x0000000000010000 xrw
RAM              0x0000000020000000 0x0000000000020000 xrw
FLASH            0x0000000008000000 0x0000000000100000 xr
*default*        0x0000000000000000 0xffffffffffffffff

Linker script and memory map

LOAD c:/st/stm32cubeide_1.7.0/stm32cubeide/plugins/com.st.stm32cube.ide.mcu.externaltools.gnu-tools-for-stm32.9-2020-q2-update.win32_2.0.0.202105311346/tools/bin/../lib/gcc/arm-none-eabi/9.3.1/thumb/v7e-m+fp/hard/crti.o
LOAD c:/st/stm32cubeide_1.7.0/stm32cubeide/plugins/com.st.stm32cube.ide.mcu.externaltools.gnu-tools-for-stm32.9-2020-q2-update.win32_2.0.0.202105311346/tools/bin/../lib/gcc/arm-none-eabi/9.3.1/thumb/v7e-m+fp/hard/crtbegin.o
LOAD c:/st/stm32cubeide_1.7.0/stm32cubeide/plugins/com.st.stm32cube.ide.mcu.externaltools.gnu-tools-for-stm32.9-2020-q2-update.win32_2.0.0.202105311346/tools/bin/../lib/gcc/arm-none-eabi/9.3.1/../../../../arm-none-eabi/lib/thumb/v7e-m+fp/hard/crt0.o
LOAD ./Core/Src/EEPROM.o
LOAD ./Core/Src/main.o
LOAD ./Core/Src/stm32f4xx_hal_msp.o
LOAD ./Core/Src/stm32f4xx_it.o
LOAD ./Core/Src/syscalls.o
LOAD ./Core/Src/sysmem.o
LOAD ./Core/Src/system_stm32f4xx.o
LOAD ./Core/Startup/startup_stm32f407zgtx.o
LOAD ./Drivers/STM32F4xx_HAL_Driver/Src/stm32f4xx_hal.o
LOAD ./Drivers/STM32F4xx_HAL_Driver/Src/stm32f4xx_hal_adc.o
LOAD ./Drivers/STM32F4xx_HAL_Driver/Src/stm32f4xx_hal_adc_ex.o
LOAD ./Drivers/STM32F4xx_HAL_Driver/Src/stm32f4xx_hal_can.o
LOAD ./Drivers/STM32F4xx_HAL_Driver/Src/stm32f4xx_hal_cortex.o
LOAD ./Drivers/STM32F4xx_HAL_Driver/Src/stm32f4xx_hal_dma.o
LOAD ./Drivers/STM32F4xx_HAL_Driver/Src/stm32f4xx_hal_dma_ex.o
LOAD ./Drivers/STM32F4xx_HAL_Driver/Src/stm32f4xx_hal_exti.o
LOAD ./Drivers/STM32F4xx_HAL_Driver/Src/stm32f4xx_hal_flash.o
LOAD ./Drivers/STM32F4xx_HAL_Driver/Src/stm32f4xx_hal_flash_ex.o
LOAD ./Drivers/STM32F4xx_HAL_Driver/Src/stm32f4xx_hal_flash_ramfunc.o
LOAD ./Drivers/STM32F4xx_HAL_Driver/Src/stm32f4xx_hal_gpio.o
LOAD ./Drivers/STM32F4xx_HAL_Driver/Src/stm32f4xx_hal_i2c.o
LOAD ./Drivers/STM32F4xx_HAL_Driver/Src/stm32f4xx_hal_i2c_ex.o
LOAD ./Drivers/STM32F4xx_HAL_Driver/Src/stm32f4xx_hal_pwr.o
LOAD ./Drivers/STM32F4xx_HAL_Driver/Src/stm32f4xx_hal_pwr_ex.o
LOAD ./Drivers/STM32F4xx_HAL_Driver/Src/stm32f4xx_hal_rcc.o
LOAD ./Drivers/STM32F4xx_HAL_Driver/Src/stm32f4xx_hal_rcc_ex.o
LOAD ./Drivers/STM32F4xx_HAL_Driver/Src/stm32f4xx_hal_tim.o
LOAD ./Drivers/STM32F4xx_HAL_Driver/Src/stm32f4xx_hal_tim_ex.o
LOAD ./Drivers/STM32F4xx_HAL_Driver/Src/stm32f4xx_ll_adc.o
START GROUP
LOAD c:/st/stm32cubeide_1.7.0/stm32cubeide/plugins/com.st.stm32cube.ide.mcu.externaltools.gnu-tools-for-stm32.9-2020-q2-update.win32_2.0.0.202105311346/tools/bin/../lib/gcc/arm-none-eabi/9.3.1/../../../../arm-none-eabi/lib/thumb/v7e-m+fp/hard\libc_nano.a
LOAD c:/st/stm32cubeide_1.7.0/stm32cubeide/plugins/com.st.stm32cube.ide.mcu.externaltools.gnu-tools-for-stm32.9-2020-q2-update.win32_2.0.0.202105311346/tools/bin/../lib/gcc/arm-none-eabi/9.3.1/../../../../arm-none-eabi/lib/thumb/v7e-m+fp/hard\libm.a
END GROUP
START GROUP
LOAD c:/st/stm32cubeide_1.7.0/stm32cubeide/plugins/com.st.stm32cube.ide.mcu.externaltools.gnu-tools-for-stm32.9-2020-q2-update.win32_2.0.0.202105311346/tools/bin/../lib/gcc/arm-none-eabi/9.3.1/thumb/v7e-m+fp/hard\libgcc.a
LOAD c:/st/stm32cubeide_1.7.0/stm32cubeide/plugins/com.st.stm32cube.ide.mcu.externaltools.gnu-tools-for-stm32.9-2020-q2-update.win32_2.0.0.202105311346/tools/bin/../lib/gcc/arm-none-eabi/9.3.1/../../../../arm-none-eabi/lib/thumb/v7e-m+fp/hard\libc_nano.a
END GROUP
START GROUP
LOAD c:/st/stm32cubeide_1.7.0/stm32cubeide/plugins/com.st.stm32cube.ide.mcu.externaltools.gnu-tools-for-stm32.9-2020-q2-update.win32_2.0.0.202105311346/tools/bin/../lib/gcc/arm-none-eabi/9.3.1/thumb/v7e-m+fp/hard\libgcc.a
LOAD c:/st/stm32cubeide_1.7.0/stm32cubeide/plugins/com.st.stm32cube.ide.mcu.externaltools.gnu-tools-for-stm32.9-2020-q2-update.win32_2.0.0.202105311346/tools/bin/../lib/gcc/arm-none-eabi/9.3.1/../../../../arm-none-eabi/lib/thumb/v7e-m+fp/hard\libc_nano.a
LOAD c:/st/stm32cubeide_1.7.0/stm32cubeide/plugins/com.st.stm32cube.ide.mcu.externaltools.gnu-tools-for-stm32.9-2020-q2-update.win32_2.0.0.202105311346/tools/bin/../lib/gcc/arm-none-eabi/9.3.1/../../../../arm-none-eabi/lib/thumb/v7e-m+fp/hard\libnosys.a
END GROUP
START GROUP
LOAD c:/st/stm32cubeide_1.7.0/stm32cubeide/plugins/com.st.stm32cube.ide.mcu.externaltools.gnu-tools-for-stm32.9-2020-q2-update.win32_2.0.0.202105311346/tools/bin/../lib/gcc/arm-none-eabi/9.3.1/thumb/v7e-m+fp/hard\libgcc.a
LOAD c:/st/stm32cubeide_1.7.0/stm32cubeide/plugins/com.st.stm32cube.ide.mcu.externaltools.gnu-tools-for-stm32.9-2020-q2-update.win32_2.0.0.202105311346/tools/bin/../lib/gcc/arm-none-eabi/9.3.1/../../../../arm-none-eabi/lib/thumb/v7e-m+fp/hard\libc_nano.a
LOAD c:/st/stm32cubeide_1.7.0/stm32cubeide/plugins/com.st.stm32cube.ide.mcu.externaltools.gnu-tools-for-stm32.9-2020-q2-update.win32_2.0.0.202105311346/tools/bin/../lib/gcc/arm-none-eabi/9.3.1/../../../../arm-none-eabi/lib/thumb/v7e-m+fp/hard\libnosys.a
END GROUP
LOAD c:/st/stm32cubeide_1.7.0/stm32cubeide/plugins/com.st.stm32cube.ide.mcu.externaltools.gnu-tools-for-stm32.9-2020-q2-update.win32_2.0.0.202105311346/tools/bin/../lib/gcc/arm-none-eabi/9.3.1/thumb/v7e-m+fp/hard/crtend.o
LOAD c:/st/stm32cubeide_1.7.0/stm32cubeide/plugins/com.st.stm32cube.ide.mcu.externaltools.gnu-tools-for-stm32.9-2020-q2-update.win32_2.0.0.202105311346/tools/bin/../lib/gcc/arm-none-eabi/9.3.1/thumb/v7e-m+fp/hard/crtn.o
                0x0000000020020000                _estack = (ORIGIN (RAM) + LENGTH (RAM))
                0x0000000000000200                _Min_Heap_Size = 0x200
                0x0000000000000400                _Min_Stack_Size = 0x400

.isr_vector     0x0000000008000000      0x188
                0x0000000008000000                . = ALIGN (0x4)
 *(.isr_vector)
 .isr_vector    0x0000000008000000      0x188 ./Core/Startup/startup_stm32f407zgtx.o
                0x0000000008000000                g_pfnVectors
                0x0000000008000188                . = ALIGN (0x4)

.text           0x0000000008000188     0x4590
                0x0000000008000188                . = ALIGN (0x4)
 *(.text)
 .text          0x0000000008000188       0x40 c:/st/stm32cubeide_1.7.0/stm32cubeide/plugins/com.st.stm32cube.ide.mcu.externaltools.gnu-tools-for-stm32.9-2020-q2-update.win32_2.0.0.202105311346/tools/bin/../lib/gcc/arm-none-eabi/9.3.1/thumb/v7e-m+fp/hard/crtbegin.o
 .text          0x00000000080001c8      0x254 c:/st/stm32cubeide_1.7.0/stm32cubeide/plugins/com.st.stm32cube.ide.mcu.externaltools.gnu-tools-for-stm32.9-2020-q2-update.win32_2.0.0.202105311346/tools/bin/../lib/gcc/arm-none-eabi/9.3.1/thumb/v7e-m+fp/hard\libgcc.a(_arm_muldf3.o)
                0x00000000080001c8                __muldf3
                0x00000000080001c8                __aeabi_dmul
 .text          0x000000000800041c      0x378 c:/st/stm32cubeide_1.7.0/stm32cubeide/plugins/com.st.stm32cube.ide.mcu.externaltools.gnu-tools-for-stm32.9-2020-q2-update.win32_2.0.0.202105311346/tools/bin/../lib/gcc/arm-none-eabi/9.3.1/thumb/v7e-m+fp/hard\libgcc.a(_arm_addsubdf3.o)
                0x000000000800041c                __aeabi_drsub
                0x0000000008000424                __aeabi_dsub
                0x0000000008000424                __subdf3
                0x0000000008000428                __aeabi_dadd
                0x0000000008000428                __adddf3
                0x00000000080006a0                __floatunsidf
                0x00000000080006a0                __aeabi_ui2d
                0x00000000080006c0                __floatsidf
                0x00000000080006c0                __aeabi_i2d
                0x00000000080006e4                __aeabi_f2d
                0x00000000080006e4                __extendsfdf2
                0x0000000008000728                __floatundidf
                0x0000000008000728                __aeabi_ul2d
                0x0000000008000738                __floatdidf
                0x0000000008000738                __aeabi_l2d
 .text          0x0000000008000794       0xa0 c:/st/stm32cubeide_1.7.0/stm32cubeide/plugins/com.st.stm32cube.ide.mcu.externaltools.gnu-tools-for-stm32.9-2020-q2-update.win32_2.0.0.202105311346/tools/bin/../lib/gcc/arm-none-eabi/9.3.1/thumb/v7e-m+fp/hard\libgcc.a(_arm_truncdfsf2.o)
                0x0000000008000794                __truncdfsf2
                0x0000000008000794                __aeabi_d2f
 .text          0x0000000008000834       0x30 c:/st/stm32cubeide_1.7.0/stm32cubeide/plugins/com.st.stm32cube.ide.mcu.externaltools.gnu-tools-for-stm32.9-2020-q2-update.win32_2.0.0.202105311346/tools/bin/../lib/gcc/arm-none-eabi/9.3.1/thumb/v7e-m+fp/hard\libgcc.a(_aeabi_uldivmod.o)
                0x0000000008000834                __aeabi_uldivmod
 .text          0x0000000008000864      0x2c4 c:/st/stm32cubeide_1.7.0/stm32cubeide/plugins/com.st.stm32cube.ide.mcu.externaltools.gnu-tools-for-stm32.9-2020-q2-update.win32_2.0.0.202105311346/tools/bin/../lib/gcc/arm-none-eabi/9.3.1/thumb/v7e-m+fp/hard\libgcc.a(_udivmoddi4.o)
                0x0000000008000864                __udivmoddi4
 .text          0x0000000008000b28        0x4 c:/st/stm32cubeide_1.7.0/stm32cubeide/plugins/com.st.stm32cube.ide.mcu.externaltools.gnu-tools-for-stm32.9-2020-q2-update.win32_2.0.0.202105311346/tools/bin/../lib/gcc/arm-none-eabi/9.3.1/thumb/v7e-m+fp/hard\libgcc.a(_dvmd_tls.o)
                0x0000000008000b28                __aeabi_idiv0
                0x0000000008000b28                __aeabi_ldiv0
 *(.text*)
 .text.EEPROM_Write
                0x0000000008000b2c       0x70 ./Core/Src/EEPROM.o
                0x0000000008000b2c                EEPROM_Write
 .text.float2Bytes
                0x0000000008000b9c       0x1c ./Core/Src/EEPROM.o
                0x0000000008000b9c                float2Bytes
 .text.Bytes2float
                0x0000000008000bb8       0x1c ./Core/Src/EEPROM.o
                0x0000000008000bb8                Bytes2float
 .text.EEPROM_Write_NUM
                0x0000000008000bd4       0x24 ./Core/Src/EEPROM.o
                0x0000000008000bd4                EEPROM_Write_NUM
 .text.EEPROM_Read
                0x0000000008000bf8       0x6c ./Core/Src/EEPROM.o
                0x0000000008000bf8                EEPROM_Read
 .text.EEPROM_Read_NUM
                0x0000000008000c64       0x18 ./Core/Src/EEPROM.o
                0x0000000008000c64                EEPROM_Read_NUM
 .text.sendData.10823
                0x0000000008000c7c       0x34 ./Core/Src/main.o
 .text.mux      0x0000000008000cb0       0x44 ./Core/Src/main.o
                0x0000000008000cb0                mux
 .text.check_channels
                0x0000000008000cf4       0xe8 ./Core/Src/main.o
                0x0000000008000cf4                check_channels
 .text.HAL_CAN_RxFifo0MsgPendingCallback
                0x0000000008000ddc      0x2e4 ./Core/Src/main.o
                0x0000000008000ddc                HAL_CAN_RxFifo0MsgPendingCallback
 .text.SystemClock_Config
                0x00000000080010c0       0xa0 ./Core/Src/main.o
                0x00000000080010c0                SystemClock_Config
 .text.startup.main
                0x0000000008001160     0x13bc ./Core/Src/main.o
                0x0000000008001160                main
 .text.HAL_TIM_PeriodElapsedCallback
                0x000000000800251c       0x50 ./Core/Src/main.o
                0x000000000800251c                HAL_TIM_PeriodElapsedCallback
 .text.HAL_MspInit
                0x000000000800256c       0x38 ./Core/Src/stm32f4xx_hal_msp.o
                0x000000000800256c                HAL_MspInit
 .text.HAL_ADC_MspInit
                0x00000000080025a4       0xb4 ./Core/Src/stm32f4xx_hal_msp.o
                0x00000000080025a4                HAL_ADC_MspInit
 .text.HAL_CAN_MspInit
                0x0000000008002658       0x7c ./Core/Src/stm32f4xx_hal_msp.o
                0x0000000008002658                HAL_CAN_MspInit
 .text.HAL_I2C_MspInit
                0x00000000080026d4       0x6c ./Core/Src/stm32f4xx_hal_msp.o
                0x00000000080026d4                HAL_I2C_MspInit
 .text.HAL_TIM_Base_MspInit
                0x0000000008002740       0x44 ./Core/Src/stm32f4xx_hal_msp.o
                0x0000000008002740                HAL_TIM_Base_MspInit
 .text.NMI_Handler
                0x0000000008002784        0x2 ./Core/Src/stm32f4xx_it.o
                0x0000000008002784                NMI_Handler
 .text.HardFault_Handler
                0x0000000008002786        0x2 ./Core/Src/stm32f4xx_it.o
                0x0000000008002786                HardFault_Handler
 .text.MemManage_Handler
                0x0000000008002788        0x2 ./Core/Src/stm32f4xx_it.o
                0x0000000008002788                MemManage_Handler
 .text.BusFault_Handler
                0x000000000800278a        0x2 ./Core/Src/stm32f4xx_it.o
                0x000000000800278a                BusFault_Handler
 .text.UsageFault_Handler
                0x000000000800278c        0x2 ./Core/Src/stm32f4xx_it.o
                0x000000000800278c                UsageFault_Handler
 .text.SVC_Handler
                0x000000000800278e        0x2 ./Core/Src/stm32f4xx_it.o
                0x000000000800278e                SVC_Handler
 .text.DebugMon_Handler
                0x0000000008002790        0x2 ./Core/Src/stm32f4xx_it.o
                0x0000000008002790                DebugMon_Handler
 .text.PendSV_Handler
                0x0000000008002792        0x2 ./Core/Src/stm32f4xx_it.o
                0x0000000008002792                PendSV_Handler
 .text.SysTick_Handler
                0x0000000008002794        0x4 ./Core/Src/stm32f4xx_it.o
                0x0000000008002794                SysTick_Handler
 .text.CAN1_RX0_IRQHandler
                0x0000000008002798        0xc ./Core/Src/stm32f4xx_it.o
                0x0000000008002798                CAN1_RX0_IRQHandler
 .text.TIM6_DAC_IRQHandler
                0x00000000080027a4        0xc ./Core/Src/stm32f4xx_it.o
                0x00000000080027a4                TIM6_DAC_IRQHandler
 .text.SystemInit
                0x00000000080027b0       0x14 ./Core/Src/system_stm32f4xx.o
                0x00000000080027b0                SystemInit
 .text.Reset_Handler
                0x00000000080027c4       0x50 ./Core/Startup/startup_stm32f407zgtx.o
                0x00000000080027c4                Reset_Handler
 .text.Default_Handler
                0x0000000008002814        0x2 ./Core/Startup/startup_stm32f407zgtx.o
                0x0000000008002814                RTC_Alarm_IRQHandler
                0x0000000008002814                HASH_RNG_IRQHandler
                0x0000000008002814                EXTI2_IRQHandler
                0x0000000008002814                TIM8_CC_IRQHandler
                0x0000000008002814                TIM1_CC_IRQHandler
                0x0000000008002814                DMA2_Stream5_IRQHandler
                0x0000000008002814                DMA1_Stream5_IRQHandler
                0x0000000008002814                PVD_IRQHandler
                0x0000000008002814                SDIO_IRQHandler
                0x0000000008002814                TAMP_STAMP_IRQHandler
                0x0000000008002814                CAN2_RX1_IRQHandler
                0x0000000008002814                EXTI3_IRQHandler
                0x0000000008002814                TIM8_TRG_COM_TIM14_IRQHandler
                0x0000000008002814                TIM1_UP_TIM10_IRQHandler
                0x0000000008002814                TIM8_UP_TIM13_IRQHandler
                0x0000000008002814                I2C3_ER_IRQHandler
                0x0000000008002814                EXTI0_IRQHandler
                0x0000000008002814                I2C2_EV_IRQHandler
                0x0000000008002814                DMA1_Stream2_IRQHandler
                0x0000000008002814                FPU_IRQHandler
                0x0000000008002814                OTG_HS_WKUP_IRQHandler
                0x0000000008002814                CAN2_SCE_IRQHandler
                0x0000000008002814                DMA2_Stream2_IRQHandler
                0x0000000008002814                SPI1_IRQHandler
                0x0000000008002814                TIM1_BRK_TIM9_IRQHandler
                0x0000000008002814                DCMI_IRQHandler
                0x0000000008002814                CAN2_RX0_IRQHandler
                0x0000000008002814                DMA2_Stream3_IRQHandler
                0x0000000008002814                USART6_IRQHandler
                0x0000000008002814                USART3_IRQHandler
                0x0000000008002814                CAN1_RX1_IRQHandler
                0x0000000008002814                UART5_IRQHandler
                0x0000000008002814                DMA2_Stream0_IRQHandler
                0x0000000008002814                TIM4_IRQHandler
                0x0000000008002814                I2C1_EV_IRQHandler
                0x0000000008002814                DMA1_Stream6_IRQHandler
                0x0000000008002814                DMA1_Stream1_IRQHandler
                0x0000000008002814                UART4_IRQHandler
                0x0000000008002814                TIM3_IRQHandler
                0x0000000008002814                RCC_IRQHandler
                0x0000000008002814                TIM8_BRK_TIM12_IRQHandler
                0x0000000008002814                Default_Handler
                0x0000000008002814                EXTI15_10_IRQHandler
                0x0000000008002814                ADC_IRQHandler
                0x0000000008002814                DMA1_Stream7_IRQHandler
                0x0000000008002814                TIM7_IRQHandler
                0x0000000008002814                CAN2_TX_IRQHandler
                0x0000000008002814                TIM5_IRQHandler
                0x0000000008002814                DMA2_Stream7_IRQHandler
                0x0000000008002814                I2C3_EV_IRQHandler
                0x0000000008002814                EXTI9_5_IRQHandler
                0x0000000008002814                RTC_WKUP_IRQHandler
                0x0000000008002814                ETH_WKUP_IRQHandler
                0x0000000008002814                SPI2_IRQHandler
                0x0000000008002814                OTG_HS_EP1_IN_IRQHandler
                0x0000000008002814                DMA1_Stream0_IRQHandler
                0x0000000008002814                CAN1_TX_IRQHandler
                0x0000000008002814                EXTI4_IRQHandler
                0x0000000008002814                FSMC_IRQHandler
                0x0000000008002814                ETH_IRQHandler
                0x0000000008002814                OTG_HS_EP1_OUT_IRQHandler
                0x0000000008002814                WWDG_IRQHandler
                0x0000000008002814                TIM2_IRQHandler
                0x0000000008002814                OTG_FS_WKUP_IRQHandler
                0x0000000008002814                TIM1_TRG_COM_TIM11_IRQHandler
                0x0000000008002814                OTG_HS_IRQHandler
                0x0000000008002814                EXTI1_IRQHandler
                0x0000000008002814                USART2_IRQHandler
                0x0000000008002814                I2C2_ER_IRQHandler
                0x0000000008002814                DMA2_Stream1_IRQHandler
                0x0000000008002814                CAN1_SCE_IRQHandler
                0x0000000008002814                FLASH_IRQHandler
                0x0000000008002814                DMA2_Stream4_IRQHandler
                0x0000000008002814                USART1_IRQHandler
                0x0000000008002814                OTG_FS_IRQHandler
                0x0000000008002814                SPI3_IRQHandler
                0x0000000008002814                DMA1_Stream4_IRQHandler
                0x0000000008002814                I2C1_ER_IRQHandler
                0x0000000008002814                DMA2_Stream6_IRQHandler
                0x0000000008002814                DMA1_Stream3_IRQHandler
 *fill*         0x0000000008002816        0x2 
 .text.HAL_InitTick
                0x0000000008002818       0x48 ./Drivers/STM32F4xx_HAL_Driver/Src/stm32f4xx_hal.o
                0x0000000008002818                HAL_InitTick
 .text.HAL_Init
                0x0000000008002860       0x34 ./Drivers/STM32F4xx_HAL_Driver/Src/stm32f4xx_hal.o
                0x0000000008002860                HAL_Init
 .text.HAL_IncTick
                0x0000000008002894       0x18 ./Drivers/STM32F4xx_HAL_Driver/Src/stm32f4xx_hal.o
                0x0000000008002894                HAL_IncTick
 .text.HAL_GetTick
                0x00000000080028ac        0xc ./Drivers/STM32F4xx_HAL_Driver/Src/stm32f4xx_hal.o
                0x00000000080028ac                HAL_GetTick
 .text.HAL_Delay
                0x00000000080028b8       0x28 ./Drivers/STM32F4xx_HAL_Driver/Src/stm32f4xx_hal.o
                0x00000000080028b8                HAL_Delay
 .text.HAL_ADC_Init
                0x00000000080028e0      0x14c ./Drivers/STM32F4xx_HAL_Driver/Src/stm32f4xx_hal_adc.o
                0x00000000080028e0                HAL_ADC_Init
 .text.HAL_ADC_Start
                0x0000000008002a2c      0x108 ./Drivers/STM32F4xx_HAL_Driver/Src/stm32f4xx_hal_adc.o
                0x0000000008002a2c                HAL_ADC_Start
 .text.HAL_ADC_Stop
                0x0000000008002b34       0x36 ./Drivers/STM32F4xx_HAL_Driver/Src/stm32f4xx_hal_adc.o
                0x0000000008002b34                HAL_ADC_Stop
 .text.HAL_ADC_PollForConversion
                0x0000000008002b6a       0xa6 ./Drivers/STM32F4xx_HAL_Driver/Src/stm32f4xx_hal_adc.o
                0x0000000008002b6a                HAL_ADC_PollForConversion
 .text.HAL_ADC_GetValue
                0x0000000008002c10        0x6 ./Drivers/STM32F4xx_HAL_Driver/Src/stm32f4xx_hal_adc.o
                0x0000000008002c10                HAL_ADC_GetValue
 *fill*         0x0000000008002c16        0x2 
 .text.HAL_ADC_ConfigChannel
                0x0000000008002c18      0x124 ./Drivers/STM32F4xx_HAL_Driver/Src/stm32f4xx_hal_adc.o
                0x0000000008002c18                HAL_ADC_ConfigChannel
 .text.HAL_CAN_Init
                0x0000000008002d3c       0xf6 ./Drivers/STM32F4xx_HAL_Driver/Src/stm32f4xx_hal_can.o
                0x0000000008002d3c                HAL_CAN_Init
 *fill*         0x0000000008002e32        0x2 
 .text.HAL_CAN_ConfigFilter
                0x0000000008002e34      0x110 ./Drivers/STM32F4xx_HAL_Driver/Src/stm32f4xx_hal_can.o
                0x0000000008002e34                HAL_CAN_ConfigFilter
 .text.HAL_CAN_Start
                0x0000000008002f44       0x5c ./Drivers/STM32F4xx_HAL_Driver/Src/stm32f4xx_hal_can.o
                0x0000000008002f44                HAL_CAN_Start
 .text.HAL_CAN_AddTxMessage
                0x0000000008002fa0       0xa0 ./Drivers/STM32F4xx_HAL_Driver/Src/stm32f4xx_hal_can.o
                0x0000000008002fa0                HAL_CAN_AddTxMessage
 .text.HAL_CAN_GetRxMessage
                0x0000000008003040       0xee ./Drivers/STM32F4xx_HAL_Driver/Src/stm32f4xx_hal_can.o
                0x0000000008003040                HAL_CAN_GetRxMessage
 .text.HAL_CAN_ActivateNotification
                0x000000000800312e       0x22 ./Drivers/STM32F4xx_HAL_Driver/Src/stm32f4xx_hal_can.o
                0x000000000800312e                HAL_CAN_ActivateNotification
 .text.HAL_CAN_TxMailbox0CompleteCallback
                0x0000000008003150        0x2 ./Drivers/STM32F4xx_HAL_Driver/Src/stm32f4xx_hal_can.o
                0x0000000008003150                HAL_CAN_TxMailbox0CompleteCallback
 .text.HAL_CAN_TxMailbox1CompleteCallback
                0x0000000008003152        0x2 ./Drivers/STM32F4xx_HAL_Driver/Src/stm32f4xx_hal_can.o
                0x0000000008003152                HAL_CAN_TxMailbox1CompleteCallback
 .text.HAL_CAN_TxMailbox2CompleteCallback
                0x0000000008003154        0x2 ./Drivers/STM32F4xx_HAL_Driver/Src/stm32f4xx_hal_can.o
                0x0000000008003154                HAL_CAN_TxMailbox2CompleteCallback
 .text.HAL_CAN_TxMailbox0AbortCallback
                0x0000000008003156        0x2 ./Drivers/STM32F4xx_HAL_Driver/Src/stm32f4xx_hal_can.o
                0x0000000008003156                HAL_CAN_TxMailbox0AbortCallback
 .text.HAL_CAN_TxMailbox1AbortCallback
                0x0000000008003158        0x2 ./Drivers/STM32F4xx_HAL_Driver/Src/stm32f4xx_hal_can.o
                0x0000000008003158                HAL_CAN_TxMailbox1AbortCallback
 .text.HAL_CAN_TxMailbox2AbortCallback
                0x000000000800315a        0x2 ./Drivers/STM32F4xx_HAL_Driver/Src/stm32f4xx_hal_can.o
                0x000000000800315a                HAL_CAN_TxMailbox2AbortCallback
 .text.HAL_CAN_RxFifo0FullCallback
                0x000000000800315c        0x2 ./Drivers/STM32F4xx_HAL_Driver/Src/stm32f4xx_hal_can.o
                0x000000000800315c                HAL_CAN_RxFifo0FullCallback
 .text.HAL_CAN_RxFifo1MsgPendingCallback
                0x000000000800315e        0x2 ./Drivers/STM32F4xx_HAL_Driver/Src/stm32f4xx_hal_can.o
                0x000000000800315e                HAL_CAN_RxFifo1MsgPendingCallback
 .text.HAL_CAN_RxFifo1FullCallback
                0x0000000008003160        0x2 ./Drivers/STM32F4xx_HAL_Driver/Src/stm32f4xx_hal_can.o
                0x0000000008003160                HAL_CAN_RxFifo1FullCallback
 .text.HAL_CAN_SleepCallback
                0x0000000008003162        0x2 ./Drivers/STM32F4xx_HAL_Driver/Src/stm32f4xx_hal_can.o
                0x0000000008003162                HAL_CAN_SleepCallback
 .text.HAL_CAN_WakeUpFromRxMsgCallback
                0x0000000008003164        0x2 ./Drivers/STM32F4xx_HAL_Driver/Src/stm32f4xx_hal_can.o
                0x0000000008003164                HAL_CAN_WakeUpFromRxMsgCallback
 .text.HAL_CAN_ErrorCallback
                0x0000000008003166        0x2 ./Drivers/STM32F4xx_HAL_Driver/Src/stm32f4xx_hal_can.o
                0x0000000008003166                HAL_CAN_ErrorCallback
 .text.HAL_CAN_IRQHandler
                0x0000000008003168      0x1fc ./Drivers/STM32F4xx_HAL_Driver/Src/stm32f4xx_hal_can.o
                0x0000000008003168                HAL_CAN_IRQHandler
 .text.HAL_NVIC_SetPriorityGrouping
                0x0000000008003364       0x24 ./Drivers/STM32F4xx_HAL_Driver/Src/stm32f4xx_hal_cortex.o
                0x0000000008003364                HAL_NVIC_SetPriorityGrouping
 .text.HAL_NVIC_SetPriority
                0x0000000008003388       0x64 ./Drivers/STM32F4xx_HAL_Driver/Src/stm32f4xx_hal_cortex.o
                0x0000000008003388                HAL_NVIC_SetPriority
 .text.HAL_NVIC_EnableIRQ
                0x00000000080033ec       0x1c ./Drivers/STM32F4xx_HAL_Driver/Src/stm32f4xx_hal_cortex.o
                0x00000000080033ec                HAL_NVIC_EnableIRQ
 .text.HAL_SYSTICK_Config
                0x0000000008003408       0x2c ./Drivers/STM32F4xx_HAL_Driver/Src/stm32f4xx_hal_cortex.o
                0x0000000008003408                HAL_SYSTICK_Config
 .text.HAL_GPIO_Init
                0x0000000008003434      0x1b4 ./Drivers/STM32F4xx_HAL_Driver/Src/stm32f4xx_hal_gpio.o
                0x0000000008003434                HAL_GPIO_Init
 .text.HAL_GPIO_ReadPin
                0x00000000080035e8        0xc ./Drivers/STM32F4xx_HAL_Driver/Src/stm32f4xx_hal_gpio.o
                0x00000000080035e8                HAL_GPIO_ReadPin
 .text.HAL_GPIO_WritePin
                0x00000000080035f4        0xa ./Drivers/STM32F4xx_HAL_Driver/Src/stm32f4xx_hal_gpio.o
                0x00000000080035f4                HAL_GPIO_WritePin
 .text.I2C_IsAcknowledgeFailed
                0x00000000080035fe       0x34 ./Drivers/STM32F4xx_HAL_Driver/Src/stm32f4xx_hal_i2c.o
 .text.I2C_WaitOnMasterAddressFlagUntilTimeout
                0x0000000008003632       0x76 ./Drivers/STM32F4xx_HAL_Driver/Src/stm32f4xx_hal_i2c.o
 .text.I2C_WaitOnBTFFlagUntilTimeout
                0x00000000080036a8       0x4c ./Drivers/STM32F4xx_HAL_Driver/Src/stm32f4xx_hal_i2c.o
 .text.I2C_WaitOnRXNEFlagUntilTimeout
                0x00000000080036f4       0x5e ./Drivers/STM32F4xx_HAL_Driver/Src/stm32f4xx_hal_i2c.o
 .text.I2C_WaitOnFlagUntilTimeout
                0x0000000008003752       0x64 ./Drivers/STM32F4xx_HAL_Driver/Src/stm32f4xx_hal_i2c.o
 .text.I2C_WaitOnTXEFlagUntilTimeout
                0x00000000080037b6       0x4c ./Drivers/STM32F4xx_HAL_Driver/Src/stm32f4xx_hal_i2c.o
 *fill*         0x0000000008003802        0x2 
 .text.I2C_RequestMemoryWrite
                0x0000000008003804       0xb0 ./Drivers/STM32F4xx_HAL_Driver/Src/stm32f4xx_hal_i2c.o
 .text.I2C_RequestMemoryRead
                0x00000000080038b4      0x104 ./Drivers/STM32F4xx_HAL_Driver/Src/stm32f4xx_hal_i2c.o
 .text.HAL_I2C_Init
                0x00000000080039b8      0x150 ./Drivers/STM32F4xx_HAL_Driver/Src/stm32f4xx_hal_i2c.o
                0x00000000080039b8                HAL_I2C_Init
 .text.HAL_I2C_Mem_Write
                0x0000000008003b08      0x120 ./Drivers/STM32F4xx_HAL_Driver/Src/stm32f4xx_hal_i2c.o
                0x0000000008003b08                HAL_I2C_Mem_Write
 .text.HAL_I2C_Mem_Read
                0x0000000008003c28      0x210 ./Drivers/STM32F4xx_HAL_Driver/Src/stm32f4xx_hal_i2c.o
                0x0000000008003c28                HAL_I2C_Mem_Read
 .text.HAL_RCC_OscConfig
                0x0000000008003e38      0x358 ./Drivers/STM32F4xx_HAL_Driver/Src/stm32f4xx_hal_rcc.o
                0x0000000008003e38                HAL_RCC_OscConfig
 .text.HAL_RCC_GetSysClockFreq
                0x0000000008004190       0x5c ./Drivers/STM32F4xx_HAL_Driver/Src/stm32f4xx_hal_rcc.o
                0x0000000008004190                HAL_RCC_GetSysClockFreq
 .text.HAL_RCC_ClockConfig
                0x00000000080041ec      0x138 ./Drivers/STM32F4xx_HAL_Driver/Src/stm32f4xx_hal_rcc.o
                0x00000000080041ec                HAL_RCC_ClockConfig
 .text.HAL_RCC_GetPCLK1Freq
                0x0000000008004324       0x20 ./Drivers/STM32F4xx_HAL_Driver/Src/stm32f4xx_hal_rcc.o
                0x0000000008004324                HAL_RCC_GetPCLK1Freq
 .text.HAL_TIM_Base_Start_IT
                0x0000000008004344       0x74 ./Drivers/STM32F4xx_HAL_Driver/Src/stm32f4xx_hal_tim.o
                0x0000000008004344                HAL_TIM_Base_Start_IT
 .text.HAL_TIM_OC_DelayElapsedCallback
                0x00000000080043b8        0x2 ./Drivers/STM32F4xx_HAL_Driver/Src/stm32f4xx_hal_tim.o
                0x00000000080043b8                HAL_TIM_OC_DelayElapsedCallback
 .text.HAL_TIM_IC_CaptureCallback
                0x00000000080043ba        0x2 ./Drivers/STM32F4xx_HAL_Driver/Src/stm32f4xx_hal_tim.o
                0x00000000080043ba                HAL_TIM_IC_CaptureCallback
 .text.HAL_TIM_PWM_PulseFinishedCallback
                0x00000000080043bc        0x2 ./Drivers/STM32F4xx_HAL_Driver/Src/stm32f4xx_hal_tim.o
                0x00000000080043bc                HAL_TIM_PWM_PulseFinishedCallback
 .text.HAL_TIM_TriggerCallback
                0x00000000080043be        0x2 ./Drivers/STM32F4xx_HAL_Driver/Src/stm32f4xx_hal_tim.o
                0x00000000080043be                HAL_TIM_TriggerCallback
 .text.HAL_TIM_IRQHandler
                0x00000000080043c0      0x144 ./Drivers/STM32F4xx_HAL_Driver/Src/stm32f4xx_hal_tim.o
                0x00000000080043c0                HAL_TIM_IRQHandler
 .text.TIM_Base_SetConfig
                0x0000000008004504       0xcc ./Drivers/STM32F4xx_HAL_Driver/Src/stm32f4xx_hal_tim.o
                0x0000000008004504                TIM_Base_SetConfig
 .text.HAL_TIM_Base_Init
                0x00000000080045d0       0x58 ./Drivers/STM32F4xx_HAL_Driver/Src/stm32f4xx_hal_tim.o
                0x00000000080045d0                HAL_TIM_Base_Init
 .text.HAL_TIMEx_MasterConfigSynchronization
                0x0000000008004628       0x7c ./Drivers/STM32F4xx_HAL_Driver/Src/stm32f4xx_hal_tim_ex.o
                0x0000000008004628                HAL_TIMEx_MasterConfigSynchronization
 .text.HAL_TIMEx_CommutCallback
                0x00000000080046a4        0x2 ./Drivers/STM32F4xx_HAL_Driver/Src/stm32f4xx_hal_tim_ex.o
                0x00000000080046a4                HAL_TIMEx_CommutCallback
 .text.HAL_TIMEx_BreakCallback
                0x00000000080046a6        0x2 ./Drivers/STM32F4xx_HAL_Driver/Src/stm32f4xx_hal_tim_ex.o
                0x00000000080046a6                HAL_TIMEx_BreakCallback
 .text.__libc_init_array
                0x00000000080046a8       0x48 c:/st/stm32cubeide_1.7.0/stm32cubeide/plugins/com.st.stm32cube.ide.mcu.externaltools.gnu-tools-for-stm32.9-2020-q2-update.win32_2.0.0.202105311346/tools/bin/../lib/gcc/arm-none-eabi/9.3.1/../../../../arm-none-eabi/lib/thumb/v7e-m+fp/hard\libc_nano.a(lib_a-init.o)
                0x00000000080046a8                __libc_init_array
 .text.memset   0x00000000080046f0       0x10 c:/st/stm32cubeide_1.7.0/stm32cubeide/plugins/com.st.stm32cube.ide.mcu.externaltools.gnu-tools-for-stm32.9-2020-q2-update.win32_2.0.0.202105311346/tools/bin/../lib/gcc/arm-none-eabi/9.3.1/../../../../arm-none-eabi/lib/thumb/v7e-m+fp/hard\libc_nano.a(lib_a-memset.o)
                0x00000000080046f0                memset
 *(.glue_7)
 .glue_7        0x0000000008004700        0x0 linker stubs
 *(.glue_7t)
 .glue_7t       0x0000000008004700        0x0 linker stubs
 *(.eh_frame)
 .eh_frame      0x0000000008004700        0x0 c:/st/stm32cubeide_1.7.0/stm32cubeide/plugins/com.st.stm32cube.ide.mcu.externaltools.gnu-tools-for-stm32.9-2020-q2-update.win32_2.0.0.202105311346/tools/bin/../lib/gcc/arm-none-eabi/9.3.1/thumb/v7e-m+fp/hard/crtbegin.o
 *(.init)
 .init          0x0000000008004700        0x4 c:/st/stm32cubeide_1.7.0/stm32cubeide/plugins/com.st.stm32cube.ide.mcu.externaltools.gnu-tools-for-stm32.9-2020-q2-update.win32_2.0.0.202105311346/tools/bin/../lib/gcc/arm-none-eabi/9.3.1/thumb/v7e-m+fp/hard/crti.o
                0x0000000008004700                _init
 .init          0x0000000008004704        0x8 c:/st/stm32cubeide_1.7.0/stm32cubeide/plugins/com.st.stm32cube.ide.mcu.externaltools.gnu-tools-for-stm32.9-2020-q2-update.win32_2.0.0.202105311346/tools/bin/../lib/gcc/arm-none-eabi/9.3.1/thumb/v7e-m+fp/hard/crtn.o
 *(.fini)
 .fini          0x000000000800470c        0x4 c:/st/stm32cubeide_1.7.0/stm32cubeide/plugins/com.st.stm32cube.ide.mcu.externaltools.gnu-tools-for-stm32.9-2020-q2-update.win32_2.0.0.202105311346/tools/bin/../lib/gcc/arm-none-eabi/9.3.1/thumb/v7e-m+fp/hard/crti.o
                0x000000000800470c                _fini
 .fini          0x0000000008004710        0x8 c:/st/stm32cubeide_1.7.0/stm32cubeide/plugins/com.st.stm32cube.ide.mcu.externaltools.gnu-tools-for-stm32.9-2020-q2-update.win32_2.0.0.202105311346/tools/bin/../lib/gcc/arm-none-eabi/9.3.1/thumb/v7e-m+fp/hard/crtn.o
                0x0000000008004718                . = ALIGN (0x4)
                0x0000000008004718                _etext = .

.vfp11_veneer   0x0000000008004718        0x0
 .vfp11_veneer  0x0000000008004718        0x0 linker stubs

.v4_bx          0x0000000008004718        0x0
 .v4_bx         0x0000000008004718        0x0 linker stubs

.iplt           0x0000000008004718        0x0
 .iplt          0x0000000008004718        0x0 c:/st/stm32cubeide_1.7.0/stm32cubeide/plugins/com.st.stm32cube.ide.mcu.externaltools.gnu-tools-for-stm32.9-2020-q2-update.win32_2.0.0.202105311346/tools/bin/../lib/gcc/arm-none-eabi/9.3.1/thumb/v7e-m+fp/hard/crtbegin.o

.rodata         0x0000000008004718       0x18
                0x0000000008004718                . = ALIGN (0x4)
 *(.rodata)
 *(.rodata*)
 .rodata.AHBPrescTable
                0x0000000008004718       0x10 ./Core/Src/system_stm32f4xx.o
                0x0000000008004718                AHBPrescTable
 .rodata.APBPrescTable
                0x0000000008004728        0x8 ./Core/Src/system_stm32f4xx.o
                0x0000000008004728                APBPrescTable
                0x0000000008004730                . = ALIGN (0x4)

.ARM.extab      0x0000000008004730        0x0
                0x0000000008004730                . = ALIGN (0x4)
 *(.ARM.extab* .gnu.linkonce.armextab.*)
                0x0000000008004730                . = ALIGN (0x4)

.ARM            0x0000000008004730        0x8
                0x0000000008004730                . = ALIGN (0x4)
                0x0000000008004730                __exidx_start = .
 *(.ARM.exidx*)
 .ARM.exidx     0x0000000008004730        0x8 c:/st/stm32cubeide_1.7.0/stm32cubeide/plugins/com.st.stm32cube.ide.mcu.externaltools.gnu-tools-for-stm32.9-2020-q2-update.win32_2.0.0.202105311346/tools/bin/../lib/gcc/arm-none-eabi/9.3.1/thumb/v7e-m+fp/hard\libgcc.a(_udivmoddi4.o)
                0x0000000008004738                __exidx_end = .
                0x0000000008004738                . = ALIGN (0x4)

.rel.dyn        0x0000000008004738        0x0
 .rel.iplt      0x0000000008004738        0x0 c:/st/stm32cubeide_1.7.0/stm32cubeide/plugins/com.st.stm32cube.ide.mcu.externaltools.gnu-tools-for-stm32.9-2020-q2-update.win32_2.0.0.202105311346/tools/bin/../lib/gcc/arm-none-eabi/9.3.1/thumb/v7e-m+fp/hard/crtbegin.o

.preinit_array  0x0000000008004738        0x0
                0x0000000008004738                . = ALIGN (0x4)
                0x0000000008004738                PROVIDE (__preinit_array_start = .)
 *(.preinit_array*)
                0x0000000008004738                PROVIDE (__preinit_array_end = .)
                0x0000000008004738                . = ALIGN (0x4)

.init_array     0x0000000008004738        0x4
                0x0000000008004738                . = ALIGN (0x4)
                0x0000000008004738                PROVIDE (__init_array_start = .)
 *(SORT_BY_NAME(.init_array.*))
 *(.init_array*)
 .init_array    0x0000000008004738        0x4 c:/st/stm32cubeide_1.7.0/stm32cubeide/plugins/com.st.stm32cube.ide.mcu.externaltools.gnu-tools-for-stm32.9-2020-q2-update.win32_2.0.0.202105311346/tools/bin/../lib/gcc/arm-none-eabi/9.3.1/thumb/v7e-m+fp/hard/crtbegin.o
                0x000000000800473c                PROVIDE (__init_array_end = .)
                0x000000000800473c                . = ALIGN (0x4)

.fini_array     0x000000000800473c        0x4
                0x000000000800473c                . = ALIGN (0x4)
                [!provide]                        PROVIDE (__fini_array_start = .)
 *(SORT_BY_NAME(.fini_array.*))
 *(.fini_array*)
 .fini_array    0x000000000800473c        0x4 c:/st/stm32cubeide_1.7.0/stm32cubeide/plugins/com.st.stm32cube.ide.mcu.externaltools.gnu-tools-for-stm32.9-2020-q2-update.win32_2.0.0.202105311346/tools/bin/../lib/gcc/arm-none-eabi/9.3.1/thumb/v7e-m+fp/hard/crtbegin.o
                [!provide]                        PROVIDE (__fini_array_end = .)
                0x0000000008004740                . = ALIGN (0x4)
                0x0000000008004740                _sidata = LOADADDR (.data)

.data           0x0000000020000000      0x368 load address 0x0000000008004740
                0x0000000020000000                . = ALIGN (0x4)
                0x0000000020000000                _sdata = .
 *(.data)
 *(.data*)
 .data.analogConfigs
                0x0000000020000000      0x258 ./Core/Src/main.o
                0x0000000020000000                analogConfigs
 .data.analogInputID
                0x0000000020000258       0x28 ./Core/Src/main.o
                0x0000000020000258                analogInputID
 .data.dataw3   0x0000000020000280        0x4 ./Core/Src/main.o
                0x0000000020000280                dataw3
 .data.digitalInputId
                0x0000000020000284       0x9a ./Core/Src/main.o
                0x0000000020000284                digitalInputId
 .data.id       0x000000002000031e       0x3c ./Core/Src/main.o
                0x000000002000031e                id
 *fill*         0x000000002000035a        0x2 
 .data.SystemCoreClock
                0x000000002000035c        0x4 ./Core/Src/system_stm32f4xx.o
                0x000000002000035c                SystemCoreClock
 .data.uwTickFreq
                0x0000000020000360        0x1 ./Drivers/STM32F4xx_HAL_Driver/Src/stm32f4xx_hal.o
                0x0000000020000360                uwTickFreq
 *fill*         0x0000000020000361        0x3 
 .data.uwTickPrio
                0x0000000020000364        0x4 ./Drivers/STM32F4xx_HAL_Driver/Src/stm32f4xx_hal.o
                0x0000000020000364                uwTickPrio
 *(.RamFunc)
 *(.RamFunc*)
                0x0000000020000368                . = ALIGN (0x4)
                0x0000000020000368                _edata = .
                0x0000000008004aa8                _siccmram = LOADADDR (.ccmram)

.igot.plt       0x0000000020000368        0x0 load address 0x0000000008004aa8
 .igot.plt      0x0000000020000368        0x0 c:/st/stm32cubeide_1.7.0/stm32cubeide/plugins/com.st.stm32cube.ide.mcu.externaltools.gnu-tools-for-stm32.9-2020-q2-update.win32_2.0.0.202105311346/tools/bin/../lib/gcc/arm-none-eabi/9.3.1/thumb/v7e-m+fp/hard/crtbegin.o

.ccmram         0x0000000010000000        0x0 load address 0x0000000008004aa8
                0x0000000010000000                . = ALIGN (0x4)
                0x0000000010000000                _sccmram = .
 *(.ccmram)
 *(.ccmram*)
                0x0000000010000000                . = ALIGN (0x4)
                0x0000000010000000                _eccmram = .
                0x0000000010000000                . = ALIGN (0x4)

.bss            0x0000000020000368     0x12d4
                0x0000000020000368                _sbss = .
                0x0000000020000368                __bss_start__ = _sbss
 *(.bss)
 .bss           0x0000000020000368       0x1c c:/st/stm32cubeide_1.7.0/stm32cubeide/plugins/com.st.stm32cube.ide.mcu.externaltools.gnu-tools-for-stm32.9-2020-q2-update.win32_2.0.0.202105311346/tools/bin/../lib/gcc/arm-none-eabi/9.3.1/thumb/v7e-m+fp/hard/crtbegin.o
 *(.bss*)
 .bss.alarmCount
                0x0000000020000384       0x9a ./Core/Src/main.o
                0x0000000020000384                alarmCount
 .bss.alarmLevelRecivedFlag
                0x000000002000041e        0x1 ./Core/Src/main.o
                0x000000002000041e                alarmLevelRecivedFlag
 *fill*         0x000000002000041f        0x1 
 .bss.alarmOn   0x0000000020000420       0x9a ./Core/Src/main.o
                0x0000000020000420                alarmOn
 .bss.alarmOnAnalog
                0x00000000200004ba       0x3c ./Core/Src/main.o
                0x00000000200004ba                alarmOnAnalog
 .bss.analogAlarmCount
                0x00000000200004f6       0x28 ./Core/Src/main.o
                0x00000000200004f6                analogAlarmCount
 .bss.analogAlarmCountDown
                0x000000002000051e       0x28 ./Core/Src/main.o
                0x000000002000051e                analogAlarmCountDown
 .bss.analogFadeOut
                0x0000000020000546       0x14 ./Core/Src/main.o
                0x0000000020000546                analogFadeOut
 .bss.analogFadeOutBaxmaq
                0x000000002000055a       0x14 ./Core/Src/main.o
                0x000000002000055a                analogFadeOutBaxmaq
 .bss.analogFadeOutTot
                0x000000002000056e       0x18 ./Core/Src/main.o
                0x000000002000056e                analogFadeOutTot
 .bss.analogFadeOutTotRead
                0x0000000020000586       0x18 ./Core/Src/main.o
                0x0000000020000586                analogFadeOutTotRead
 .bss.analogFadeOutTotReadTest
                0x000000002000059e       0x18 ./Core/Src/main.o
                0x000000002000059e                analogFadeOutTotReadTest
 .bss.contactStateRead
                0x00000000200005b6        0xa ./Core/Src/main.o
                0x00000000200005b6                contactStateRead
 .bss.contactStateTot
                0x00000000200005c0        0xa ./Core/Src/main.o
                0x00000000200005c0                contactStateTot
 *fill*         0x00000000200005ca        0x2 
 .bss.datacheck
                0x00000000200005cc        0x4 ./Core/Src/main.o
                0x00000000200005cc                datacheck
 .bss.delaySecondsCount
                0x00000000200005d0       0x9a ./Core/Src/main.o
                0x00000000200005d0                delaySecondsCount
 .bss.delaySecondsCountForOff
                0x000000002000066a       0x9a ./Core/Src/main.o
                0x000000002000066a                delaySecondsCountForOff
 .bss.digitalSum
                0x0000000020000704       0x14 ./Core/Src/main.o
                0x0000000020000704                digitalSum
 .bss.fadeOut   0x0000000020000718       0x4d ./Core/Src/main.o
                0x0000000020000718                fadeOut
 .bss.fadeOutBaxmaq
                0x0000000020000765       0x4d ./Core/Src/main.o
                0x0000000020000765                fadeOutBaxmaq
 *fill*         0x00000000200007b2        0x2 
 .bss.fadeOutReg
                0x00000000200007b4        0x4 ./Core/Src/main.o
                0x00000000200007b4                fadeOutReg
 .bss.fadeOutTot
                0x00000000200007b8       0x18 ./Core/Src/main.o
                0x00000000200007b8                fadeOutTot
 .bss.fadeOutTotRead
                0x00000000200007d0       0x18 ./Core/Src/main.o
                0x00000000200007d0                fadeOutTotRead
 .bss.fadeOutTotReadTest
                0x00000000200007e8       0x18 ./Core/Src/main.o
                0x00000000200007e8                fadeOutTotReadTest
 .bss.i2_t      0x0000000020000800        0x4 ./Core/Src/main.o
                0x0000000020000800                i2_t
 .bss.kesirHisse
                0x0000000020000804        0x4 ./Core/Src/main.o
                0x0000000020000804                kesirHisse
 .bss.pk1       0x0000000020000808        0x1 ./Core/Src/main.o
                0x0000000020000808                pk1
 .bss.prencereAcilmaFlag
                0x0000000020000809        0x1 ./Core/Src/main.o
                0x0000000020000809                prencereAcilmaFlag
 *fill*         0x000000002000080a        0x2 
 .bss.recivedID
                0x000000002000080c        0x4 ./Core/Src/main.o
                0x000000002000080c                recivedID
 .bss.recivedReset
                0x0000000020000810        0x1 ./Core/Src/main.o
                0x0000000020000810                recivedReset
 .bss.secondByte
                0x0000000020000811       0x14 ./Core/Src/main.o
                0x0000000020000811                secondByte
 *fill*         0x0000000020000825        0x1 
 .bss.stationAlarm
                0x0000000020000826        0x2 ./Core/Src/main.o
                0x0000000020000826                stationAlarm
 .bss.tamHisse  0x0000000020000828        0x4 ./Core/Src/main.o
                0x0000000020000828                tamHisse
 .bss.waitingForDelay
                0x000000002000082c       0x9a ./Core/Src/main.o
                0x000000002000082c                waitingForDelay
 *(COMMON)
 COMMON         0x00000000200008c6        0x4 ./Core/Src/EEPROM.o
                0x00000000200008c6                bytes_temp
 *fill*         0x00000000200008ca        0x2 
 COMMON         0x00000000200008cc      0xd6c ./Core/Src/main.o
                0x00000000200008cc                voltValIncorrect
                0x0000000020000994                analog
                0x0000000020000a10                realVal
                0x0000000020000ad8                secondWord
                0x0000000020000b3c                delaySeconds
                0x0000000020000bdc                delaySecondsTot
                0x0000000020000c2c                hadc2
                0x0000000020000c74                hi2c2
                0x0000000020000cc8                contactStateTest
                0x0000000020000d64                alarmLevel
                0x0000000020000dc8                digitalStates
                0x0000000020000e68                message
                0x0000000020000ee4                alarmLevelRead
                0x0000000020000f48                contactState
                0x0000000020000fe4                datar3
                0x0000000020000fe8                voltVal
                0x00000000200010b0                hadc3
                0x00000000200010f8                TxData
                0x00000000200011e8                fractionPart
                0x000000002000121c                htim6
                0x0000000020001264                TxMailbox
                0x0000000020001268                delaySecondsTotRead
                0x00000000200012b8                RxData
                0x00000000200012c0                hcan1
                0x00000000200012e8                TxHeader
                0x00000000200015b8                RxHeader
                0x00000000200015d4                intPart
 COMMON         0x0000000020001638        0x4 ./Drivers/STM32F4xx_HAL_Driver/Src/stm32f4xx_hal.o
                0x0000000020001638                uwTick
                0x000000002000163c                . = ALIGN (0x4)
                0x000000002000163c                _ebss = .
                0x000000002000163c                __bss_end__ = _ebss

._user_heap_stack
                0x000000002000163c      0x604
                0x0000000020001640                . = ALIGN (0x8)
 *fill*         0x000000002000163c        0x4 
                [!provide]                        PROVIDE (end = .)
                0x0000000020001640                PROVIDE (_end = .)
                0x0000000020001840                . = (. + _Min_Heap_Size)
 *fill*         0x0000000020001640      0x200 
                0x0000000020001c40                . = (. + _Min_Stack_Size)
 *fill*         0x0000000020001840      0x400 
                0x0000000020001c40                . = ALIGN (0x8)

/DISCARD/
 libc.a(*)
 libm.a(*)
 libgcc.a(*)

.ARM.attributes
                0x0000000000000000       0x30
 *(.ARM.attributes)
 .ARM.attributes
                0x0000000000000000       0x1e c:/st/stm32cubeide_1.7.0/stm32cubeide/plugins/com.st.stm32cube.ide.mcu.externaltools.gnu-tools-for-stm32.9-2020-q2-update.win32_2.0.0.202105311346/tools/bin/../lib/gcc/arm-none-eabi/9.3.1/thumb/v7e-m+fp/hard/crti.o
 .ARM.attributes
                0x000000000000001e       0x34 c:/st/stm32cubeide_1.7.0/stm32cubeide/plugins/com.st.stm32cube.ide.mcu.externaltools.gnu-tools-for-stm32.9-2020-q2-update.win32_2.0.0.202105311346/tools/bin/../lib/gcc/arm-none-eabi/9.3.1/thumb/v7e-m+fp/hard/crtbegin.o
 .ARM.attributes
                0x0000000000000052       0x34 ./Core/Src/EEPROM.o
 .ARM.attributes
                0x0000000000000086       0x34 ./Core/Src/main.o
 .ARM.attributes
                0x00000000000000ba       0x34 ./Core/Src/stm32f4xx_hal_msp.o
 .ARM.attributes
                0x00000000000000ee       0x34 ./Core/Src/stm32f4xx_it.o
 .ARM.attributes
                0x0000000000000122       0x34 ./Core/Src/system_stm32f4xx.o
 .ARM.attributes
                0x0000000000000156       0x21 ./Core/Startup/startup_stm32f407zgtx.o
 .ARM.attributes
                0x0000000000000177       0x34 ./Drivers/STM32F4xx_HAL_Driver/Src/stm32f4xx_hal.o
 .ARM.attributes
                0x00000000000001ab       0x34 ./Drivers/STM32F4xx_HAL_Driver/Src/stm32f4xx_hal_adc.o
 .ARM.attributes
                0x00000000000001df       0x34 ./Drivers/STM32F4xx_HAL_Driver/Src/stm32f4xx_hal_can.o
 .ARM.attributes
                0x0000000000000213       0x34 ./Drivers/STM32F4xx_HAL_Driver/Src/stm32f4xx_hal_cortex.o
 .ARM.attributes
                0x0000000000000247       0x34 ./Drivers/STM32F4xx_HAL_Driver/Src/stm32f4xx_hal_gpio.o
 .ARM.attributes
                0x000000000000027b       0x34 ./Drivers/STM32F4xx_HAL_Driver/Src/stm32f4xx_hal_i2c.o
 .ARM.attributes
                0x00000000000002af       0x34 ./Drivers/STM32F4xx_HAL_Driver/Src/stm32f4xx_hal_rcc.o
 .ARM.attributes
                0x00000000000002e3       0x34 ./Drivers/STM32F4xx_HAL_Driver/Src/stm32f4xx_hal_tim.o
 .ARM.attributes
                0x0000000000000317       0x34 ./Drivers/STM32F4xx_HAL_Driver/Src/stm32f4xx_hal_tim_ex.o
 .ARM.attributes
                0x000000000000034b       0x34 c:/st/stm32cubeide_1.7.0/stm32cubeide/plugins/com.st.stm32cube.ide.mcu.externaltools.gnu-tools-for-stm32.9-2020-q2-update.win32_2.0.0.202105311346/tools/bin/../lib/gcc/arm-none-eabi/9.3.1/../../../../arm-none-eabi/lib/thumb/v7e-m+fp/hard\libc_nano.a(lib_a-init.o)
 .ARM.attributes
                0x000000000000037f       0x34 c:/st/stm32cubeide_1.7.0/stm32cubeide/plugins/com.st.stm32cube.ide.mcu.externaltools.gnu-tools-for-stm32.9-2020-q2-update.win32_2.0.0.202105311346/tools/bin/../lib/gcc/arm-none-eabi/9.3.1/../../../../arm-none-eabi/lib/thumb/v7e-m+fp/hard\libc_nano.a(lib_a-memset.o)
 .ARM.attributes
                0x00000000000003b3       0x1e c:/st/stm32cubeide_1.7.0/stm32cubeide/plugins/com.st.stm32cube.ide.mcu.externaltools.gnu-tools-for-stm32.9-2020-q2-update.win32_2.0.0.202105311346/tools/bin/../lib/gcc/arm-none-eabi/9.3.1/thumb/v7e-m+fp/hard\libgcc.a(_arm_muldf3.o)
 .ARM.attributes
                0x00000000000003d1       0x1e c:/st/stm32cubeide_1.7.0/stm32cubeide/plugins/com.st.stm32cube.ide.mcu.externaltools.gnu-tools-for-stm32.9-2020-q2-update.win32_2.0.0.202105311346/tools/bin/../lib/gcc/arm-none-eabi/9.3.1/thumb/v7e-m+fp/hard\libgcc.a(_arm_addsubdf3.o)
 .ARM.attributes
                0x00000000000003ef       0x1e c:/st/stm32cubeide_1.7.0/stm32cubeide/plugins/com.st.stm32cube.ide.mcu.externaltools.gnu-tools-for-stm32.9-2020-q2-update.win32_2.0.0.202105311346/tools/bin/../lib/gcc/arm-none-eabi/9.3.1/thumb/v7e-m+fp/hard\libgcc.a(_arm_truncdfsf2.o)
 .ARM.attributes
                0x000000000000040d       0x1e c:/st/stm32cubeide_1.7.0/stm32cubeide/plugins/com.st.stm32cube.ide.mcu.externaltools.gnu-tools-for-stm32.9-2020-q2-update.win32_2.0.0.202105311346/tools/bin/../lib/gcc/arm-none-eabi/9.3.1/thumb/v7e-m+fp/hard\libgcc.a(_aeabi_uldivmod.o)
 .ARM.attributes
                0x000000000000042b       0x34 c:/st/stm32cubeide_1.7.0/stm32cubeide/plugins/com.st.stm32cube.ide.mcu.externaltools.gnu-tools-for-stm32.9-2020-q2-update.win32_2.0.0.202105311346/tools/bin/../lib/gcc/arm-none-eabi/9.3.1/thumb/v7e-m+fp/hard\libgcc.a(_udivmoddi4.o)
 .ARM.attributes
                0x000000000000045f       0x1e c:/st/stm32cubeide_1.7.0/stm32cubeide/plugins/com.st.stm32cube.ide.mcu.externaltools.gnu-tools-for-stm32.9-2020-q2-update.win32_2.0.0.202105311346/tools/bin/../lib/gcc/arm-none-eabi/9.3.1/thumb/v7e-m+fp/hard\libgcc.a(_dvmd_tls.o)
 .ARM.attributes
                0x000000000000047d       0x1e c:/st/stm32cubeide_1.7.0/stm32cubeide/plugins/com.st.stm32cube.ide.mcu.externaltools.gnu-tools-for-stm32.9-2020-q2-update.win32_2.0.0.202105311346/tools/bin/../lib/gcc/arm-none-eabi/9.3.1/thumb/v7e-m+fp/hard/crtn.o
OUTPUT(Stm32f407zg-Block1.elf elf32-littlearm)
LOAD linker stubs
LOAD c:/st/stm32cubeide_1.7.0/stm32cubeide/plugins/com.st.stm32cube.ide.mcu.externaltools.gnu-tools-for-stm32.9-2020-q2-update.win32_2.0.0.202105311346/tools/bin/../lib/gcc/arm-none-eabi/9.3.1/../../../../arm-none-eabi/lib/thumb/v7e-m+fp/hard\libc.a
LOAD c:/st/stm32cubeide_1.7.0/stm32cubeide/plugins/com.st.stm32cube.ide.mcu.externaltools.gnu-tools-for-stm32.9-2020-q2-update.win32_2.0.0.202105311346/tools/bin/../lib/gcc/arm-none-eabi/9.3.1/../../../../arm-none-eabi/lib/thumb/v7e-m+fp/hard\libm.a
LOAD c:/st/stm32cubeide_1.7.0/stm32cubeide/plugins/com.st.stm32cube.ide.mcu.externaltools.gnu-tools-for-stm32.9-2020-q2-update.win32_2.0.0.202105311346/tools/bin/../lib/gcc/arm-none-eabi/9.3.1/thumb/v7e-m+fp/hard\libgcc.a

.comment        0x0000000000000000       0x53
 .comment       0x0000000000000000       0x53 ./Core/Src/EEPROM.o
                                         0x54 (size before relaxing)
 .comment       0x0000000000000053       0x54 ./Core/Src/main.o
 .comment       0x0000000000000053       0x54 ./Core/Src/stm32f4xx_hal_msp.o
 .comment       0x0000000000000053       0x54 ./Core/Src/stm32f4xx_it.o
 .comment       0x0000000000000053       0x54 ./Core/Src/system_stm32f4xx.o
 .comment       0x0000000000000053       0x54 ./Drivers/STM32F4xx_HAL_Driver/Src/stm32f4xx_hal.o
 .comment       0x0000000000000053       0x54 ./Drivers/STM32F4xx_HAL_Driver/Src/stm32f4xx_hal_adc.o
 .comment       0x0000000000000053       0x54 ./Drivers/STM32F4xx_HAL_Driver/Src/stm32f4xx_hal_can.o
 .comment       0x0000000000000053       0x54 ./Drivers/STM32F4xx_HAL_Driver/Src/stm32f4xx_hal_cortex.o
 .comment       0x0000000000000053       0x54 ./Drivers/STM32F4xx_HAL_Driver/Src/stm32f4xx_hal_gpio.o
 .comment       0x0000000000000053       0x54 ./Drivers/STM32F4xx_HAL_Driver/Src/stm32f4xx_hal_i2c.o
 .comment       0x0000000000000053       0x54 ./Drivers/STM32F4xx_HAL_Driver/Src/stm32f4xx_hal_rcc.o
 .comment       0x0000000000000053       0x54 ./Drivers/STM32F4xx_HAL_Driver/Src/stm32f4xx_hal_tim.o
 .comment       0x0000000000000053       0x54 ./Drivers/STM32F4xx_HAL_Driver/Src/stm32f4xx_hal_tim_ex.o

.debug_frame    0x0000000000000000      0x1ac
 .debug_frame   0x0000000000000000       0x2c c:/st/stm32cubeide_1.7.0/stm32cubeide/plugins/com.st.stm32cube.ide.mcu.externaltools.gnu-tools-for-stm32.9-2020-q2-update.win32_2.0.0.202105311346/tools/bin/../lib/gcc/arm-none-eabi/9.3.1/../../../../arm-none-eabi/lib/thumb/v7e-m+fp/hard\libc_nano.a(lib_a-init.o)
 .debug_frame   0x000000000000002c       0x20 c:/st/stm32cubeide_1.7.0/stm32cubeide/plugins/com.st.stm32cube.ide.mcu.externaltools.gnu-tools-for-stm32.9-2020-q2-update.win32_2.0.0.202105311346/tools/bin/../lib/gcc/arm-none-eabi/9.3.1/../../../../arm-none-eabi/lib/thumb/v7e-m+fp/hard\libc_nano.a(lib_a-memset.o)
 .debug_frame   0x000000000000004c       0x30 c:/st/stm32cubeide_1.7.0/stm32cubeide/plugins/com.st.stm32cube.ide.mcu.externaltools.gnu-tools-for-stm32.9-2020-q2-update.win32_2.0.0.202105311346/tools/bin/../lib/gcc/arm-none-eabi/9.3.1/thumb/v7e-m+fp/hard\libgcc.a(_arm_muldf3.o)
 .debug_frame   0x000000000000007c       0xac c:/st/stm32cubeide_1.7.0/stm32cubeide/plugins/com.st.stm32cube.ide.mcu.externaltools.gnu-tools-for-stm32.9-2020-q2-update.win32_2.0.0.202105311346/tools/bin/../lib/gcc/arm-none-eabi/9.3.1/thumb/v7e-m+fp/hard\libgcc.a(_arm_addsubdf3.o)
 .debug_frame   0x0000000000000128       0x24 c:/st/stm32cubeide_1.7.0/stm32cubeide/plugins/com.st.stm32cube.ide.mcu.externaltools.gnu-tools-for-stm32.9-2020-q2-update.win32_2.0.0.202105311346/tools/bin/../lib/gcc/arm-none-eabi/9.3.1/thumb/v7e-m+fp/hard\libgcc.a(_arm_truncdfsf2.o)
 .debug_frame   0x000000000000014c       0x2c c:/st/stm32cubeide_1.7.0/stm32cubeide/plugins/com.st.stm32cube.ide.mcu.externaltools.gnu-tools-for-stm32.9-2020-q2-update.win32_2.0.0.202105311346/tools/bin/../lib/gcc/arm-none-eabi/9.3.1/thumb/v7e-m+fp/hard\libgcc.a(_aeabi_uldivmod.o)
 .debug_frame   0x0000000000000178       0x34 c:/st/stm32cubeide_1.7.0/stm32cubeide/plugins/com.st.stm32cube.ide.mcu.externaltools.gnu-tools-for-stm32.9-2020-q2-update.win32_2.0.0.202105311346/tools/bin/../lib/gcc/arm-none-eabi/9.3.1/thumb/v7e-m+fp/hard\libgcc.a(_udivmoddi4.o)
